// Jest Snapshot v1, https://goo.gl/fbAQLP

exports[`kosko generate --preprod 1`] = `
"---
apiVersion: apps/v1
kind: Deployment
metadata:
  annotations:
    kapp.k14s.io/disable-default-ownership-label-rules: ''
    kapp.k14s.io/disable-default-label-scoping-rules: ''
    app.github.com/job: '5678'
    app.github.com/ref: refs/tags/v1.2.3
    app.github.com/repo: socialgouv/domifa
    app.github.com/run: '1234'
    app.github.com/sha: '0123456'
  labels:
    app: backend
    application: domifa
    component: domifa
    owner: domifa
    team: domifa
    cert: wildcard
  name: backend
  namespace: domifa-preprod
spec:
  replicas: 1
  selector:
    matchLabels:
      app: backend
  template:
    metadata:
      annotations:
        kapp.k14s.io/disable-default-ownership-label-rules: ''
        kapp.k14s.io/disable-default-label-scoping-rules: ''
        app.github.com/job: '5678'
        app.github.com/ref: refs/tags/v1.2.3
        app.github.com/repo: socialgouv/domifa
        app.github.com/run: '1234'
        app.github.com/sha: '0123456'
      labels:
        app: backend
        application: domifa
        component: domifa
        owner: domifa
        team: domifa
        cert: wildcard
    spec:
      containers:
        - image: >-
            ghcr.io/socialgouv/domifa/backend:preprod-0123456789abcdefghijklmnopqrstuvwxyz0123
          livenessProbe:
            failureThreshold: 6
            httpGet:
              path: /healthz
              port: http
            initialDelaySeconds: 30
            periodSeconds: 15
            timeoutSeconds: 5
          name: backend
          ports:
            - containerPort: 3000
              name: http
          readinessProbe:
            failureThreshold: 15
            httpGet:
              path: /healthz
              port: http
            initialDelaySeconds: 30
            periodSeconds: 15
            successThreshold: 1
            timeoutSeconds: 1
          resources:
            limits:
              cpu: 800m
              memory: 1024Mi
            requests:
              cpu: 200m
              memory: 512Mi
          startupProbe:
            failureThreshold: 12
            httpGet:
              path: /healthz
              port: http
            periodSeconds: 15
            initialDelaySeconds: 30
          volumeMounts:
            - mountPath: /mnt/files
              name: files
          envFrom:
            - secretRef:
                name: azure-pg-user
            - secretRef:
                name: backend-sealed-secret
            - configMapRef:
                name: backend-configmap
          env:
            - name: TZ
              value: Europe/Paris
            - name: POSTGRES_HOST
              value: $(PGHOST)
            - name: POSTGRES_USERNAME
              value: $(PGUSER)
            - name: POSTGRES_PASSWORD
              value: $(PGPASSWORD)
            - name: POSTGRES_DATABASE
              value: $(PGDATABASE)
            - name: DOMIFA_VERSION
              value: preprod-0123456789abcdefghijklmnopqrstuvwxyz0123
            - name: DOMIFA_BACKEND_URL
              value: https://domifa-api-domifa-preprod.dev2.fabrique.social.gouv.fr
            - name: DOMIFA_FRONTEND_URL
              value: https://domifa-preprod.dev2.fabrique.social.gouv.fr/
            - name: DOMIFA_PORTAIL_USAGERS_URL
              value: https://mon-domifa-domifa-preprod.dev2.fabrique.social.gouv.fr/
            - name: DOMIFA_PORTAIL_ADMINS_URL
              value: https://admin-domifa-preprod.dev2.fabrique.social.gouv.fr/
      volumes:
        - name: files
          persistentVolumeClaim:
            claimName: files
      initContainers:
        - env:
            - name: WAIT_FOR_RETRIES
              value: '24'
          envFrom:
            - secretRef:
                name: azure-pg-user
          image: ghcr.io/socialgouv/docker/wait-for-postgres:6.56.1
          imagePullPolicy: Always
          name: wait-for-postgres
          resources:
            limits:
              cpu: 20m
              memory: 32Mi
            requests:
              cpu: 5m
              memory: 16Mi
---
apiVersion: bitnami.com/v1alpha1
kind: SealedSecret
metadata:
  annotations:
    sealedsecrets.bitnami.com/cluster-wide: 'true'
    kapp.k14s.io/disable-default-ownership-label-rules: ''
    kapp.k14s.io/disable-default-label-scoping-rules: ''
    app.github.com/job: '5678'
    app.github.com/ref: refs/tags/v1.2.3
    app.github.com/repo: socialgouv/domifa
    app.github.com/run: '1234'
    app.github.com/sha: '0123456'
  name: backend-sealed-secret
  namespace: domifa-preprod
  labels:
    application: domifa
    component: domifa
    owner: domifa
    team: domifa
    cert: wildcard
spec:
  encryptedData:
    DOMIFA_SECURITY_JWT_SECRET: >-
      AgBU0tzOyTQxOJkVHwTP/PaB+6tRz8/IA74V+RarBeaT9nwDE7p6ZZfbrERIPaiLtDJ0w89DynXvlaN7Rgrt0YCCLfXAe1aSyq+RShFNH0vx6i8Lemu/b+eyijMTNfYc5y45NYUeeXf05Zzzcx+QqAP5ajqGT8gms0LKv2i9al9yfdX3BTqmdLUKv8uourIDQiE8GbDtGola801lzhYvHqHNg000op0jSZ1/ybcFXwY90GrYRbTyB6aWSjRdur0UhKyKWFAgOv/krnymkFVwoSkaQiWNmHj/4R8l/qEf+CGqbL3a8u0+WW3T+T9smNc71jNAKhA03UI5KuTNKtB4thYTKBAE3JYz9qMCZd67evpT9XWPUsb+W3xiT2nwt0LRMYBt/sYci3bs4hw3pm7ar0qOZrzIDEFRL7LmDBoQgcI079MUmyc0kahdKHAeWbhpdA8ry0z8jU+ffr1mua10ISdi4en3pUoQ/CW+vUBmMDfcEsvD9GjhdOapc3i5dzBtXAa3Fh0WOSLQr8VLhGx03a2od9uuDbndwCf/Y1LyC3ct6HavT66jUpMFGIZOLwNWdTaCOBm8CC1Hx0OpziiYm9uS7eM8YAC3i7yVEBCOEUrJBpuhEaocwSYjIr3tYN0uR90so3E8kT5ToKhCyo8B7k2Cbc1vT3WdtQgppwqlEsfupUSnMV/HeNo/hSmst1X3Q0oAcuO9ut4p0kmYjnG2JWvYvniPEBUgYD+z/02oinNV5PJvl73uaI5TWRLWYpqqA47r+M5K1tVOlCp+BphSaRSYNNDbYC7Cdux+hjqekCjgg8htwR1oAz1pZ2nr2gdOuSSJBw7scJaMSvHMw30RB40zOx0xqDhMKFuB8heS3Ni9G5UXCTOFy3EtkoJHRgLjYWiPZ29p63Kbw1gg+ShWcuBSBDZcKmdoqYzHWrCXmvTRIP8PtDPYguhKCMw=
    DOMIFA_SECURITY_FILES_PRIVATE: >-
      AgBjuf8/a3w4O9g0sBW6S6OtmazmqS4xILNMmQ2i9X8dHr/CZTnLQGGZ+u42uujlwB9vP5CHsxjw6Q//0UfGv5njEHprI4jmJ34bP7M3B8BxIcacaR9r9b7SjnsvXjE5VZi31bcu8uFdwcLXT+2wHtJXP7MrowOosjppANT5i9j9Lr+7EV4PE9it4oWyK9f3cZTI1q37+ljbtyuyRQnLp5M6ClVRcSvF9nW4GaIXm5HMIUY99bOk3Ue+7ouso0RHJeM4XfDeBnyLwy5dJn9zn6vQk0YSfOfCuwdB1oUgGrMxFgy1SLuL92CWrySlXPDI6N04fgMrznPqD69GXPHzl7qsJXl2TaVw7AgxE8BdmSPvb2UsQBhvHivp7S+R22EjDuh3d8Q/tQM+OdyopfT+CquCva3LEv4IhLSXuhp9OncOe+Jt43ZHhTDbqg5YZnsukfjMAc/IJodhJlZriRZ4oTm/7dmoIQ/Tvq6L6JI66pHpY3PcQTjuLMfoAdAVHg0f+nipM6hBS15+z4rhgbuCgR7CDe/AVZeJnGts3EVQb6Dne/wWTCMtCYufu0v2+6XJmfEJXRCUXVoIccP1j40WBCAJWhtJMYzeBogy1kgpY1jF4BGLfETExO/B+feqGT9ve1W4Mlbh+Q6QGk8lcm1yhtExHPCKiz/McWQgghKylh6/gyyBIp6yL7QTKrRX8rJXwUVzht6I0FwcbfexecZKwMmqCrJqa5vVK/KYyl7TWFbopA==
    DOMIFA_SECURITY_FILES_IV: >-
      AgCTyR/REzisCupRvUdVT08q/72dKX/Z4uqebEmO2ao7S+lN2ROGsi6runRnMU8nzM0SW7pV9WaLFh4emtGhhG6RSnbdcK/HJIMuDNlnp/NumCF8lwO9n86zqX9icz73WLIOGnOcXjctCPYdwp4hSpj8jQ5zZWaVaDipSw3czCfb/atIBE31pWBzDtYKeGc00D6TPlZgrdzZ6L8QBslS4y7B2afdbhkPCVcOd1vxQflgWpzVBMX/sVHOl1Hsg4I6t3xqP/eRBqahVz3ST19eLnPgGTbNxPu/0CdYjA676z3HwR+xZt0RVu1Xrc3WtmCEkUflt7/vUKvtmA9AQkQKdpVzSOX1XsouCz+gIspfr1eOmGwXDdR3qA9s9FbjjjvZZpa2SaLxxRRSEyd4LN4QgLWY84lKTbwQPMTJYEKb7dV2wtBfzFrmW5s1EnV/FUuOnEvCDpR714EwiyJDubqxUNSuinpFljYkUCWAuyWKE8wmuqxuXMwUes3IZMwGVbX+duPQy3i1u9Ek9Cp54nws/+tCHP7TlwfXoj471XHDc1r0mLni/bArTxIfP+KEHQ20Py2N5ytYgrmG8F8du0rydx1RajoISQljP2ag6tbcxp2hquy/MR0Rd5QLkl+elQUhCC6D5o0BrRkNffYU+s7jeoAsyPFmxfkxm0Mx+2c+RvkNgDGsl6OAwfOwzetR/qRkMC/xUuLU2GEE6xtsPU88G0ru
    DOMIFA_MAIL_SMTP_TIPIMAIL_HOST: >-
      AgCc3aP+NeiV7iqK4ieGWwAANtXRTaSKfXBXuhwUClC0Pshsdk8PwTXojqIcFAFIutNDBUVP/7rN8YAFrmNfL3go5LbizAsHFpjarc2kslUg/NEiz9vOUjWNzGzXTYrQKp0XXPaoSheQx86INhfnDbLO4Zmvo8p2qyJ0jKPR2SeCEate1mR4DGTg9kl9lly/qTxYRd12RDtVbsWq3iQC8gKGEeXMvoyvP4MKt0B3QLmgQ95zMbAC99EpTPGaxIdg010ilG8Bdqqp7QDp5HFoZYcYyHjMVLSxJH3I+Ra363jMAYsIq+bUgDQM6YjVXi105hHGg7fVpodz32gzk0HlRT3HhefAaCo5mgyUEQuH2Gf9SPrEjkqE2QaBmyYMWqkPdwJasELKuc6Aade3p2hiVopfsALj0k0yyOBUe4vwGHfwmNC+b0bmVULjvV7QlTG7sJYLuv1zhbsvU5WSg60ZG14hdyxS7RmyWxr7tGAM5dlDozNu+OFfSW7b38Ky1P6PaL63dpnYH+WTR7tsxJOb+I87dhWSorcLDtp3FnpV5Rwp6GUWkuhnFrZvYfphTYADgkBLCCY9Ech/MauN3woGeHtBO7NZgckmSLAj/KRkUoInbrMZcGUDBEG301aNhQtFuDlYXGTaLcFdK1rxAdZrsmEk5m1s+J7oAMs/Ykz7N4v381c/RMh4pC6/IOdEBGOjdWBtfGR3xJZjC+wp4f0EQaD4Vw==
    DOMIFA_MAIL_SMTP_TIPIMAIL_PORT: >-
      AgBQxTIsqEUqPj5ewnh2e2XNKAUnEqWu36o+bsBgTBVttzCVUvn3GMSWo8tuFXhCCfZB7OCIhMJ1VrnKwQHkD/ewwCPsU2/5sZNG3EV5tvrNSGNIpcMxmHmlk0z0C0DIWVwsGyjmukgN5/GdGrYBqDDrs2RWGwqRF38K6LvFR+6jf3q7tW5RWfQBjGVQumuzAhwcCwXRZUqb2sKokEcZdykEir942r0DvonBZqa9ApQQ/CzBXp9u4AEWQ/MGzukX4Wuana8SHZ9keCS4V+VrWOU/pVyiyyW7tfP+YG4O2VkdZko9y3Yi5aEBx6S+aoSMg9M6BhvNbvz0CVlwECAyJN7eAzAP5ylXBHD6UvmO4EhhqCX5Sb6FmwDs3m0D5m1x/BElEOtNRHqpnEHYEknnKYe+SD69iykCKZvA0iFely2A3i0z371yJ5rhMYvksIOwpiBzWhXGZdNyJ7Uif0ObSl1wsfx0GuCCOFjnV165NVwmZPtZ8UdBD0D8XfWAB3Z4R/X9618OWO84ySx9GepDYDUxTNq8ZoLad2M0t21Zl8uBMxI9BGAhqm7wNB/WSoISusXezA3TBoThzYHSPPIxaR7r3EJpSeG/uiY2EarOvkwoXXz8LQrTtvmkjPHc06WAIsH5/Q0jfayTyHFkm17nghTTpTcjMvwQQ5Z4w4EqD4BfgKRRx5U8LPc34jNJZVKc3uSQhEA=
    DOMIFA_MAIL_SMTP_TIPIMAIL_USER: >-
      AgBwRj3Ov5/EEjSftwT8Do2OckqU7bgsEuKAJjd0kyQcFM9Z7bm/XZWtFS7AOOvcdFtOI52pP4bdTNys3lct8izsqh9zKtyBeIKzqw9v+9YKbsa7TXCdL301WkFF0lMO50Y3cxCvHS8k4dNeXnCoh5ramAf/xvCQt3L+6z2aQpQNanfhjKb5ogbXKj1cvvi91VRuzruGlOPs2EZsvwDAFAYwr5VNSBVIxwL8tmmuGtBKAEff+dDjBUuBoE64VVJ66Cg7yGF/S7xmZ2mQGVBfJ22uOYckE6Bd/u1vgn/PjinCI0E8ckxvkol1VpdGRcuWndutwB3g9Ed0CnoQykaufKg6L2seKBfH+ES0DxQunnd3WHev1EAUSRv90u1QnXH53TAqonmTM+blxPfWjzDwxZG2sHSWql/M5E9FtCP0Fz09JJeDzDnIpSQaPfv09nlF27gNDufVxGv6zG7MpKjG5lGz3F2z1L4dXbH2VECbjScfcIPlopq+Nr9JISTOwSDkRBo/kUEFYSFsxkAX+fpg34GWoyOVrY20WyNz7inJvzR29WxNV13HafeuJYoATpbYX/h176pjscWf6zDhDZyzrMu2SxEa/eQb3h4gQt31IQEvEpN/8UIh0FDD0WBi9cF5lF6eckie2UfXyUV2C1ShWYs2OXWho4wYXxTdctyuD9kllE9kCVsdUO19CeZ5iNfz4hStG4Y0249pGILEg3GIAsWX6mE7+lZvU9AusBYTcJNMxA==
    DOMIFA_MAIL_SMTP_TIPIMAIL_PASSWORD: >-
      AgAm/c7nOXUnuTNr2UZp1GDwF1eXMgFKrFe1VWPJYHLQ8NctuAT19B55Qw0VHwYmOVD8wW4OHo+SK9pZPNw4TNjV7zanOLndda+BXdeL+2I5fBKsBYIctZfGXEsOuZxUaCbB+PBJktAHqtElBLXjntRk2t8uVGWNycUfMw27wSxKoNKv0pPLUjOw2wg0LE33ikV7gfhxYgd5FxoBKTAS+e4geyNB/gfOaVfhC1cH4nE4fPEbgFsLEbk0CzQ28jin+/BIJgNdFTomYlSrE4fDhD/Cyi1okFx2poLqvOif3Mdzp9tzAVAxtOmqzNfAf/PoOcmaFZI+GhDPm3XSB/gNXwDyixHonqcPN7HWsBO+Gm4Eahg6aeStt2sow39ITXJ+GMSthuyBf6MfpBxvxIxdFnhatW3aEoC3D8f9FddcTlcG4bXps+DLnqb6kRYjJWm+Tdz22rEJc34AST8d2Mb39Cb2gnZRv3X7micmfxH/8Xg90qcruhbPNXdD9X/85w1hPaqKk81cNuLzh9x9EzYu/H+BCOZpf9Cvt66uMlswQiunUh8uCF0jODCNLDg+TXfjNGEN832gdwG7jmdJTif8+Gbf+6J8SaMK686xdDRjBo7Vm0r9iaDQmKEscqIVB9KCddHn6c3kQ/295dU1nyIAwetSFAQeGCPcS9f6hvxNw3/XQhDp6Dw2gSDk3RiMpVmoaoSNuIZYFFhU+gX+U4ofeXyB38DPP8H5epTEc9GMiCXtHA==
    DOMIFA_ERROR_REPORT_EMAILS: >-
      AgDQhZrT4EcCQw6+1jzAxQK0vqAUUOOaeNzIFpeNYWpTUVcUhD1ALn3ZMCZ7xIoXzc7IHxdhjkXMDRQZ+zpCFxBOIlJ3UyrPWV8vNFjf6sE7xJIuwnbAXZWSCKf2S4K6WfX7Mg6K10RrULzb5dWjAT58F1hHvXAKGTgueq31u/i4WE9s1/WcElgW57ogWr7rQeyXQa+ag/o2oy1cdmLjqjC8VQpd2LsFoctf85aq7uaQNDZRU3SaE84Wa405MwoMn1MuM7ac2DsRH1CyJqsUSHeq71gVC7uhl7yXWZCbcTfTUna0HaDbCyaAaQHMfXLmzQ3pJTyZz8PNzVhYpgAW/N1l+P055hJ+9Nblhey+qvNZ8ETE50pWErwx6hfSsjDnLnyX+HjGQD59aL4789rzxhVry4wRfGcGO4bJWl9rtYfxLz01/IA3Mly6zEIO4x15Qr8lhA4LjRrT0HVNpX2kN0PO0hrzUNZJnvD61H/ncq/t0EBPKLxxXkFIP6uPXrkPSPt2eNGNtU18o/Six+fyOkkMNYMPGgaW1Jo8RR7n7u7U4Eli4yLouROmfmIDnAmYHmlfxlEhGtiBQ6GLe1ddda7jncNgsrIZRdFSoxpUk7WGKjHUywAcNGoHssI8tolDBQOG2CPX2IhxzQZSeO/giUXXxMCaRhfbWcMHc+eN/bNZdLve7/mjDMySykkzbkfgBWU2uvbdtYiQz6Ctc3zQieso75GVozQTvRyPUp0yOxq/Q50sZ/GHpPe+K/Q9nxbwXGOEoE1uZPXz31gT
    SENTRY_DSN: >-
      AgAzSBcRt7E3N8FlCWzY4i3YuXHOrMEVZWK5us26MlPydLwZS9yGduEJ4ZRQVdk1o9+Krde/2b+J/MJu0+SgaH3vH/hizmdGx1nm0lzsyjlRQyVCDqbOqVr1ZUdJBn3R4Q58tIG8aj2m30YRGHPjLEangmjlpKQAXj1eURuCw5AD/PgqZ40MU9dB6brlz5MZXp9ZV+G9qQQ4Bt9i8jvzAm+5gioy4qaS8nbSQ8qZ/p4QoEJ30Siw5jFuOjn2fCZSbaMqYfqFSWRG4oCooyvRtyGSwFgh3YfJskSpFTO/EOy05dzijRAq2fsB4xRHW6XWkW8w8rbusZpe1GvJXYUzhxC6nGMvEAM9cnfVvJ74F1CVuE0BiagCD3bdUGIr2om1br3VRalOuwCjRVdYY8Olj0GGvBCCl7YKYFCqCEbcGQRQI+GOkLnBn8Fa+Q4tTGF/Ze9vuMgAMXeGCKiheFfsZ4UXxnjk0Xv1lm7sNs9pgPwna/2FeLWfsSNwW42EhRduVuMMYNhJzHNYcw3WI5V9BVXLJjBlneqzHFo6MCBZUdTputssh2bydQRU3D9rg9OGkkpYR9ntaxQC48OmyAYFkfLHDtXN8qs5aeNHkFu5hP16EhkzY49gy7Ly60A/8g6NXXe/XDrzaTCD/jC6tuKW2pJdB7E/1Wy4WjahePPFWU7ZK4Mns4+6dVd2nmCHRyd1H2xWwQG6bcIQTCMvfuabjkK6Qjxewh9GYKFCl/7TLdlwNQhphNfL/ooqr8IzU9ayhqbjXYJCNKdt8E5+3WLY7i+uP90ghUiSqYHpxQ==
    DOMIFA_TIPIMAIL_FROM_EMAIL: >-
      AgDFkzUlb0H2gt9ZO0eqqzya21wmsgv3aBPZ4yUtkLTdJnRvxj8k1Er7lA7yTjkwNWPBLP5Je30XDxtICfh9CCYQ45umVejoK/cs6iWgWvXE92kjiCE42AQtrssOK6b8pktASFe0vTKDuh7si2poErh32tOEP9u5ManS7+onqazfJSemg7IXJCE89NYiczDprPkRb98QvTYSufMSSkTH77LcjsfylegWMFYpfcEiAhgLrlbYkC8WBN9i0SJqrh3qisb1a1SKhNNrgdy3rSANZn64+Sbw2MlXSETwyvrjm5oGbslavGYq36zUhbyj2Lur0LyWe1gSsmUc70UFlCATK/zZKzGUxY0llE2KdF5Ftu6JNI/7ocfwJDtrPygkJF5+mQ9Ml1oyqtJ699AEpWyuoUyarYuOG125AniOjD6393hUCO4m+VrweVEDERp59VaJRIZWj46pc1KyXz8n2tJcXRzQc2BVuaOFjpAr2wLiW9e+w/f+pzdpvzNARW8jor/kiPIfuMlSN7WAWHZUuOeXDKt3EB2FXyWojHRDdNlFRmvG06uYCjwqLhIDCShOM1HXdbGV9lJqsYBLQgmPsyQuBTEOwvKY+xvPnCf4ip0+LBzmZcv8tz6uF32JgiPLzP9K71LwMZoUIj6stSB75YA0T3M07uW3ryFaC7v7Ps7FL3dAXL2aduUkNRMYADwKrkWX+pzotpRvtpEKwfLguUH1TXhlhDfq6Zgg5XcyGNItBT6f80IPkMLsNmc=
    DOMIFA_ADMIN_EMAIL: >-
      AgDcATwhrRTvJoTAF+V/l3j9WT3Q17KMJT4tpurYakeMG/W8uKJhT0bc8rGpl0/jgPSxSh2yqY7iruph4ftuaforkeTqlJ2CpVm6mHvujAgxvp95CZ0Gtu12IZO5SbmvUnc4BiymhZ1Xnsj7MUTcmrJY4+6/GDdBx+JcyPOFHhE4Aa3XfVqoMj7HY7xaMvGmAU+zak17J8jmaku1+6wpIThPVMlY4aqeHe1/Y4zX1m5dlHHBKWiLBvXg+MKyueMS7OAUKF8S9wkK3NB8AnfTbq+kzFa6eHbeYhjqL9qSwflFHIpzq8m+GC3HUWgiIvC9Cl0kpCTBB5xHn+rr0Xyb3ctX7x7uSmtfr8ghh9VSHDdqtubOkEQ1gMEtD4YuqeGdoNK/i0FFA/tqHX393WTfPhM2wbqdvCJ54Nso7Ejk5najGazgvu0EcYW676wGtIJunQ5OYBG4Rzwo3ZqmaVIPc1Bbyw7zcRj+F1c6md6MLWWGMXNEDYzIftjHbVnTbmCRdva2rGkWAlH2f4qIrk5cOB1iiLEP3AkoNx+gwq0lW15f98rzXd/hywuUQjIY49KUD0yy1xEcYNuyy2S7i9MPK8W2IrMMoY0FuUjQceyqjYt0wNYl9w11Wz6148XSfHVT+l0/aMDqQtepp+pl/LWUvfyWVIikBoMX4Q89UA8ZceLsThSasdpByDIOncIwK0nffUG/2gnWd4l3dKBXEirIPU7jb+J6+Lu8rR8sBCG4oBpIO9YtqhOW8Q==
    DOMIFA_SMS_API_KEY: >-
      AgCCPKnIEBtS6h1sbIz8OyUXCcXQGsgTxU4fs7OWL0LXExQr+HBC3cl+rtYIrKBiRWkBJZ0Lka2Id3MuqjDszHRL0omi7cvMLG6FowFMJUi3OoB1fZQHgTSEzfifCOOJ3pFG/fHcTuat3yeEmhRP8ahb9dRGMEtRyRJIEFQN6hUI30262AqyQ+CjeOB94JOlJmCHjDPnzfeMM3RfqnyR4m/yrFkCuePFUctJBUW1fLD8/6jseNh0xrJwCD9vS8vwtYkpUsN0HnIVTef0NyBIXvWpu/+ofp+sSsNINFNPTWWFjLhRgmwdlUFFyJ8kqzCNFpzFDeU6pKq1HS6yAU30G/EO4K/8rUlT20/274tY7Y+Y9jz2cDWfF6MYfUOuYTUwl92RIBoGrHYfWFZmyaySPyDxmlffrgC3+K9+AjS3PCXJAeK8XD7eXIHSvj2tzVkNHszw9BYhuyA6MlMkvKrkobTqoIDa1U9bXT5lFsvzytCG2KXjuY5JoHxofQ/lNNyBA1x7NBVW/Pjq+BesJyhOF8N9pkKTJhjch3g4wD8I4HsoIjSGtyn0/P9n7tuAPITyIvQ4rXwaWFAdYiviRIhdrI6Ln8WdsmzdL5WP0Rw3dFqtXkDniSt2VYRUFBdRybQOs5FH020gSDgmlESn65ukG7gZeYSmtbM/g0YgpCI66B5M5i7uSWLzoqe3Pgr1fmB9oQaNyUeOqDBi4Tz5QF3HJ31KUJdMUsNwCWG0WCWg2H6Meg==
    DOMIFA_EMAIL_ADDRESS_REDIRECT_ALL_TO: >-
      AgBTLcHgRK/LvPFO12H5z0V+57z0D/BwVKAjbBswZUI+FQ5gAxe6DPhdhCx/bSl4cABB7C+vyxNuuixNGO5P8CXmmzkGrDD6wCFtUBlEKQbeB4CBs3DI6cfJy2Tr3tCyedggunKbsO0vA09AeCR4Bcw/XDAl55hsZVMvnbQaOwvBpvTyEGjuFqRMbUBzVdrd0tly3qSUdV1aCEGfugQXbtQxSYxUDGgngu4/9X7ozInwGzmS5RUfGqpXhN8VLSYxVaqUsB1uH5tU5gxmKi34wuPMzclmHEzz2tTl+JkNPS7RxiZwj+2+n29BywzMS07Za6Eht8e1bvpBRxexzcb9AFOe4u1g0sX137sZ/UFsy2ll6hJgmaULCuWjkkC6D5zHUNVI3ykY/55GEGn8RBCqQOdnuZCwT+BRtfocGOemPrqNQFgjlW0vPis/08scxuErPNv2asxVmkjaSLE40K0NFolBT2XqfhXtXhFxPhJkAR4/FrtnzTn5Zt/I3yYXMXZOWmb+/TVtrvvFr9sqUHYvzjkF/JAaW8I17LULDjRI92XMdXbsluu3zeX4rL9B10iuZ/JrXaS1YgXZ+BGX841GJUeQ8IZNF+tZFkmAV3L26gFv/YDiEgDcsCm3+mbUjVFNmIqsLgMkq6n9HuA69Q7aqW/GQ793OYTaZqt6ZB57QanTfBSgzx3BY4TWZxwX3ShyJkuVH8oxr5zpr+eJYQ9LJrVeq1/NVpe1WPblvGF8zmiY78ULWd6dFg==
  template:
    metadata:
      annotations:
        sealedsecrets.bitnami.com/cluster-wide: 'true'
        kapp.k14s.io/disable-default-ownership-label-rules: ''
        kapp.k14s.io/disable-default-label-scoping-rules: ''
        app.github.com/job: '5678'
        app.github.com/ref: refs/tags/v1.2.3
        app.github.com/repo: socialgouv/domifa
        app.github.com/run: '1234'
        app.github.com/sha: '0123456'
      name: backend-sealed-secret
      labels:
        application: domifa
        component: domifa
        owner: domifa
        team: domifa
        cert: wildcard
    type: Opaque
---
apiVersion: v1
kind: ConfigMap
metadata:
  name: backend-configmap
  annotations:
    kapp.k14s.io/disable-default-ownership-label-rules: ''
    kapp.k14s.io/disable-default-label-scoping-rules: ''
    app.github.com/job: '5678'
    app.github.com/ref: refs/tags/v1.2.3
    app.github.com/repo: socialgouv/domifa
    app.github.com/run: '1234'
    app.github.com/sha: '0123456'
  labels:
    application: domifa
    component: domifa
    owner: domifa
    team: domifa
    cert: wildcard
  namespace: domifa-preprod
data:
  DOMIFA_ENV_ID: preprod
  DOMIFA_ENV_PRESET: dist.preset.env
  PGSSLMODE: require
  NODE_ENV: production
  DOMIFA_PRINT_CONFIG: 'true'
  DOMIFA_TYPEORM_CREATE_DATABASE: 'true'
  DOMIFA_EMAILS_ENABLE: 'true'
  DOMIFA_SMS_ENABLED: 'true'
  POSTGRES_POOL_MAX_CONNEXIONS: '2'
  DOMIFA_FRONTEND_META_ROBOTS: noindex,nofollow
---
apiVersion: v1
kind: Service
metadata:
  labels:
    app: backend
    application: domifa
    component: domifa
    owner: domifa
    team: domifa
    cert: wildcard
  name: backend
  annotations:
    kapp.k14s.io/disable-default-ownership-label-rules: ''
    kapp.k14s.io/disable-default-label-scoping-rules: ''
    app.github.com/job: '5678'
    app.github.com/ref: refs/tags/v1.2.3
    app.github.com/repo: socialgouv/domifa
    app.github.com/run: '1234'
    app.github.com/sha: '0123456'
  namespace: domifa-preprod
spec:
  ports:
    - name: http
      port: 80
      targetPort: 3000
  selector:
    app: backend
  type: ClusterIP
---
apiVersion: networking.k8s.io/v1
kind: Ingress
metadata:
  annotations:
    kubernetes.io/ingress.class: nginx
    kapp.k14s.io/disable-default-ownership-label-rules: ''
    kapp.k14s.io/disable-default-label-scoping-rules: ''
    app.github.com/job: '5678'
    app.github.com/ref: refs/tags/v1.2.3
    app.github.com/repo: socialgouv/domifa
    app.github.com/run: '1234'
    app.github.com/sha: '0123456'
  labels:
    app: backend
    application: domifa
    component: domifa
    owner: domifa
    team: domifa
    cert: wildcard
  name: backend
  namespace: domifa-preprod
spec:
  rules:
    - host: domifa-api-domifa-preprod.dev2.fabrique.social.gouv.fr
      http:
        paths:
          - backend:
              service:
                name: backend
                port:
                  name: http
            path: /
            pathType: Prefix
  tls:
    - hosts:
        - domifa-api-domifa-preprod.dev2.fabrique.social.gouv.fr
      secretName: wildcard-crt
---
apiVersion: v1
kind: PersistentVolumeClaim
metadata:
  name: files
  annotations:
    app.github.com/job: '5678'
    app.github.com/ref: refs/tags/v1.2.3
    app.github.com/repo: socialgouv/domifa
    app.github.com/run: '1234'
    app.github.com/sha: '0123456'
  labels:
    application: domifa
    component: domifa
    owner: domifa
    team: domifa
    cert: wildcard
  namespace: domifa-preprod
spec:
  accessModes:
    - ReadWriteMany
  resources:
    requests:
      storage: 5Gi
  selector:
    matchLabels:
      usage: domifa-files
  storageClassName: ''
---
apiVersion: v1
kind: PersistentVolume
metadata:
  labels:
    usage: domifa-files
    application: domifa
    component: domifa
    owner: domifa
    team: domifa
    cert: wildcard
  name: domifa-files
  annotations:
    app.github.com/job: '5678'
    app.github.com/ref: refs/tags/v1.2.3
    app.github.com/repo: socialgouv/domifa
    app.github.com/run: '1234'
    app.github.com/sha: '0123456'
  namespace: domifa-preprod
spec:
  accessModes:
    - ReadWriteMany
  azureFile:
    secretName: azure-domifa-volume
    secretNamespace: domifa-preprod
    shareName: files
  capacity:
    storage: 5Gi
  persistentVolumeReclaimPolicy: Delete
  storageClassName: ''
---
apiVersion: apps/v1
kind: Deployment
metadata:
  annotations:
    kapp.k14s.io/disable-default-ownership-label-rules: ''
    kapp.k14s.io/disable-default-label-scoping-rules: ''
    app.github.com/job: '5678'
    app.github.com/ref: refs/tags/v1.2.3
    app.github.com/repo: socialgouv/domifa
    app.github.com/run: '1234'
    app.github.com/sha: '0123456'
  labels:
    app: frontend
    application: domifa
    component: nginx
    owner: domifa
    team: domifa
    cert: wildcard
  name: frontend
  namespace: domifa-preprod
spec:
  replicas: 1
  selector:
    matchLabels:
      app: frontend
  template:
    metadata:
      annotations:
        kapp.k14s.io/disable-default-ownership-label-rules: ''
        kapp.k14s.io/disable-default-label-scoping-rules: ''
        app.github.com/job: '5678'
        app.github.com/ref: refs/tags/v1.2.3
        app.github.com/repo: socialgouv/domifa
        app.github.com/run: '1234'
        app.github.com/sha: '0123456'
      labels:
        app: frontend
        application: domifa
        component: nginx
        owner: domifa
        team: domifa
        cert: wildcard
    spec:
      containers:
        - image: >-
            ghcr.io/socialgouv/domifa/frontend:preprod-0123456789abcdefghijklmnopqrstuvwxyz0123
          livenessProbe:
            failureThreshold: 6
            httpGet:
              path: /index.html
              port: http
            initialDelaySeconds: 30
            periodSeconds: 5
            timeoutSeconds: 5
          name: frontend
          ports:
            - containerPort: 80
              name: http
          readinessProbe:
            failureThreshold: 15
            httpGet:
              path: /index.html
              port: http
            initialDelaySeconds: 0
            periodSeconds: 5
            successThreshold: 1
            timeoutSeconds: 1
          resources:
            limits:
              cpu: 500m
              memory: 128Mi
            requests:
              cpu: 5m
              memory: 32Mi
          startupProbe:
            failureThreshold: 12
            httpGet:
              path: /index.html
              port: http
            periodSeconds: 5
          env:
            - name: DOMIFA_BACKEND_URL
              value: https://domifa-api-domifa-preprod.dev2.fabrique.social.gouv.fr/
            - name: DOMIFA_PORTAIL_ADMINS_URL
              value: https://admin-domifa-preprod.dev2.fabrique.social.gouv.fr/
---
apiVersion: v1
kind: Service
metadata:
  labels:
    app: frontend
    application: domifa
    component: nginx
    owner: domifa
    team: domifa
    cert: wildcard
  name: frontend
  annotations:
    kapp.k14s.io/disable-default-ownership-label-rules: ''
    kapp.k14s.io/disable-default-label-scoping-rules: ''
    app.github.com/job: '5678'
    app.github.com/ref: refs/tags/v1.2.3
    app.github.com/repo: socialgouv/domifa
    app.github.com/run: '1234'
    app.github.com/sha: '0123456'
  namespace: domifa-preprod
spec:
  ports:
    - name: http
      port: 80
      targetPort: 80
  selector:
    app: frontend
  type: ClusterIP
---
apiVersion: networking.k8s.io/v1
kind: Ingress
metadata:
  annotations:
    kubernetes.io/ingress.class: nginx
    kapp.k14s.io/disable-default-ownership-label-rules: ''
    kapp.k14s.io/disable-default-label-scoping-rules: ''
    app.github.com/job: '5678'
    app.github.com/ref: refs/tags/v1.2.3
    app.github.com/repo: socialgouv/domifa
    app.github.com/run: '1234'
    app.github.com/sha: '0123456'
  labels:
    app: frontend
    application: domifa
    component: nginx
    owner: domifa
    team: domifa
    cert: wildcard
  name: frontend
  namespace: domifa-preprod
spec:
  rules:
    - host: domifa-preprod.dev2.fabrique.social.gouv.fr
      http:
        paths:
          - backend:
              service:
                name: frontend
                port:
                  name: http
            path: /
            pathType: Prefix
  tls:
    - hosts:
        - domifa-preprod.dev2.fabrique.social.gouv.fr
      secretName: wildcard-crt
---
apiVersion: networking.k8s.io/v1
kind: NetworkPolicy
metadata:
  name: netpol-domifa-preprod
  namespace: domifa-preprod
spec:
  ingress:
    - from:
        - podSelector: {}
    - from:
        - namespaceSelector:
            matchLabels:
              network-policy/source: ingress-controller
    - from:
        - namespaceSelector:
            matchLabels:
              network-policy/source: monitoring
  podSelector: {}
  policyTypes:
    - Ingress
---
apiVersion: bitnami.com/v1alpha1
kind: SealedSecret
metadata:
  annotations:
    sealedsecrets.bitnami.com/cluster-wide: 'true'
    app.github.com/job: '5678'
    app.github.com/ref: refs/tags/v1.2.3
    app.github.com/repo: socialgouv/domifa
    app.github.com/run: '1234'
    app.github.com/sha: '0123456'
  name: azure-pg-user
  namespace: domifa-preprod
  labels:
    application: domifa
    component: domifa
    owner: domifa
    team: domifa
    cert: wildcard
spec:
  encryptedData:
    DATABASE_URL: >-
      AgCHaaJ7WUV39U59oBzEC6Ts926biH1kGtErkx2bnFBCKqRpHgBlLF69pp88OHYSwfTEGt+bwWbWZcQCyTxDAF6uq6fhYYZK5wUtqOH13hMp9EZwiy+DWDJ9qvwnxGKIB4g3kUBxZSgu1iMg0O4atEcRA8IZkrXvc4HTl/QzPzHqncw7C73/de0VQnIlUGluFbkppxgGk4/m63f3o7w3dKULzbzLtHqBjo8Xa5ukihRcaBmtj7gi2ariMy20Zg0hRQfGxTmj+7cOYqHRfx0lNiZcxS3dY0nXYwH3ENYvhApFr3H7wO9dYiQMQGLMkZNxRLwXBVQJjqcfo3rPYEdcKXqZXkK0ee5kHcbBIppavcYq1rEtsV3seHWtqrRJ2YKjoZ579cWxEwq1nVY45C5O/hVzb0gNgYgL3i0AyIjIOSdy64WdLkcopE/sf3AeUZr5OJhA72CES33HupTMusThkfJf44HnQlsRb8wGncwr40bg0M9iL9vGZsJqcO4Z8AD2Qs2GsijnRY9mQCQdoebei5glJkM/UFKq8IrAFAkQmsG+KwvA0TbNT08wDDk195rhtJEfuEvL7S7aVTsXq7JZkGS2+8eKMp9Ug5T3Txd2kwBBg/pnfZO2DS8nag7J46enLHyJOvGoNrmNzckmzXxZlTdFU9NoxoBno96H4rJIr6rC8koPvY9Ts+T+a1zeDaH5ZrB72kz8JG6tCw9Y+kFBK3HxgfmA7DF4dGZWSwHXHzMtRENphffd55+y5+YvIGPIjYUcyN2UpSVyEWDINfiZgQHeWcvMf6mnhiAvgxWPEgs1XayU1PBmZOq8A85OELLCnJdx9FsZ/pW3QWshVrXK2siKxKFoNt4O10JBK/KCG6w56k8GbLw44IF1Dj1jI+LREHf87wtINsOQ9QhkaMNFW+nczyo=
    DB_URI: >-
      AgBbQCSfzL/8+jk9jU/d+enM6H8JsdeW0GbeVMHmFHy0n6GE5shsNODUy+QoK27JDi6BH7538DK/OTxSwKJ1J1h3jrwDoRVYGlwnctrZ26Jwn18LLA8jLMNoW2d2B2zg1FdzVQ5P0rH4VKjthS11ub1ry1FXhN0JOiplMka/kfNh0ckEFgzMN+SVXSwE25qJbFBWajZpViHjQHn0ieQxqqg9bM5YGDoIVw6ZsY354ALoioiqoIaetLCcf1ej00Lb9zdZp9JSLnuZRV6SW/D2gRlcETqUcwEqeafgfn+YZSRqsfZ5pOYrccCPWUDBNp9kZIHhb9jp2PavALQAiye6/WwIlPAaZJSgxA7yGKe+5orwv2TJrs2jsth1V00DPDG4dLL5lxiIy6oRalIxO9byEa8CA3KVERtQe+pKqzMlZg1+dRT4406JBwyBCbISfVVesE7MDS7oWtlR0OTsTZPoncnvDtknd+Sj60Ttcv5oUi18V/5qfgpsQoewmanzspmv5ytkPt8zPLfjMJP0lUS95m4RyzRJFN9/74NMjhPG6yZlkWYVQXQaEW7j5NA48fjjT4dKxtNKur0wvybiJGJ1ThaiJh3hDPihCbwE8qn3Qqm8qvpvqWpinH3UkFZ7MlaP5BCRk14kQYhZbKWdmG5++6XvIRHirAB5bD5e5yQSBDYOXhNxmagOFGDqfPSEtsw9aRyJtP36RNXRXN9Ju4OszyTnxi9Yz8UgKpmcXZ9yzP7Ngj6Mp7bYjiy5ZIjh4T80VwLUaGnNlF69b0hyq0ZM1h4pGC9xFwBxHYZVw+eWGj40j1/jsTmW8f6Vim77PIph38GvhnL6RoykWPaL1fcsEVZU1GuHrypTPDt+wrNNjZt8YOGx90sJCvJ8CChtuK/DeP1SikAlkAbE2UzRIgrBRZLizms=
    HASURA_GRAPHQL_DATABASE_URL: >-
      AgCpuoYfo0iwY4QyN2eBm5iGh94scMyrH4t4dngV37+m58TnjgHSu8eHlUdjC0Ps4UGPj3pxnNe5Yjvu11YRQkv4zJZLzayijzAT6RZx7/Y5A9S8rnI2Tfg6EiawxsLtbeFktlG/7AR8JWFW2Qpyz3/kkEjSOwrfvdLWDsCy6oSo8c2V6dvxWizj/YOEQtv6MRPxiKQ2EEwGMc1s4Guu9NxaZljrx+sxS1ufiHkqEIkuUqXKEEQsGZ6tHULSq5A/dKyPPWljMYnCZ6RHlMymGDajNp+EwoA05NM7dMYW4wlZWq84Jhmi6bcpE+okvJW5YPPIuXorBcC0Mx5iitrbYjewSgu4HLsHvTxBMl4Pjq35Um0yFe0soJ/4gQx1wbWWal1Ip80TZWn2b4qn4B1Qf+q6ueV3+IOIdmKL22de3gQPMN+/Zv+CCFwHdm2XXOUt63cyQ+hDXWMp4EeQctKhy+wJw0NFqt3N9kY6DSMN1wiLifVd0F7m7RScc3cUKDxHaqI1Tp6v1S2+WefJxHpINSsQi+hiJK6qAG31BFSxYJhF4jj99A/Xtz3PX4QKuiJlMwFFjdSEG56Kz1MywKb/Bhr416ffLf/VtXUq9c8/gsypOerDdwtcoo0IdsH1zFNaeBO8tMd3G/eqAmWRm8mL/cO+4ue8eD+6ANggOJP9hXbv/dFBDeA5/PyA0htYuX7WD8hL8JKWBxTbjsNIbEiUOf8XSZGndU7RLUZnQwDC7NZh9tDcpqVXOttY2SxGsWj0b9BwsT708VhMNd2dUsZm3LMzrt/G4BUuF7ItGSB1RxYe8bRvvPSaEFJ+KBokzyznr7mkZBIABI1HxCILN8IubMNr54zJMDs9DR9bQM6XLM+Q1C40i+ImiGMqQFAYniZyeyiD8eTwgKbLlI6BTnZwNxbQ3AY=
    PGDATABASE: >-
      AgAXCsQHwQzCcF43ctu3T6YWPvAuHinmqFZB9B9YkpHYrr1L7VuJvELfIowHHAovu/RkJQOXsjwDzcY4oxGvknk2Du5lEhifeSlAaumO0lT15EKIEmD3ZoQMsLtBMB391nWdIoMoQz97VSf34FGM2b+4c4VS6/htiQTKbFqS5NOQ2O952JPlCoEoBxHV682Yqkpkc7nECGKounyMMYoFt5fItBdGESKD/In8tPzrN8PjqdPLRfcxLYYE+dGINZCDvQq1pywyndFpD/ta7r64ZRxIYHZF4TsYoMVO7MTu0vArXrJdbrOWelyjRpRVFuGet1x0mk1X1cmqYmhhSgOq57XgxYtgXnzw9wIOm98tz/81jFll5rEYbwzfNaR5DSXjqrxp4fdRTyG/qxdyoHetMjXgWm3LXDLiSKM5bsihxUpA0RpJ8YMTZgpzTfoes6riADUHciZbZ9dosTFo9QvFH38BcBebU+F+2JPnKw4uvHd7Tga00RD6QQKI1bpuBBxPIh/HM/lsvgi9TLrTxMkA3Z/+nmh1R00CmpNhanNjDjWR6d13vQVY6MBLwm2zuGnGz+YJDiscDtylaI0k+DHCOiHuRdNmVqldgyVlXOyH7BKNVRvD2WTVtEcjI1V06pdumHgjJ+xdNLzgf8cNk2W2uhSwulchodOM+0F2GI4Bzr0lyFXG2ooXpPusRppwOoZUS97lQjyIq3bS
    PGHOST: >-
      AgBjQBzZsf93hy0tJPIAfJkLHvKIXer/b8lsxJQ/Eb7oGmDlMSJbt/1SE6g/DtFF4ob7MBMFMsxpojxw5zAOyYSj/N8giQYG5U2Dt8iZKpuiJpAiSMljiBgdnyQ84NcaG0V/LK5MjTPRtnzlU/iwDFZf3y+DANWGseF43vlq6qONSS1pVEyCL0tbfdX43ANabJ+zClFt4sjX0Gl6UfDLHFNiju3J0af2LeCwd16kdCLRK6juidLnVjK18bJqOq8J261J79m8gX0bmtpVog8yUQfDGSCoew5aNYkTubJcNZWZBQp9GzdGJU841XdbOG1nl/VlXVFrx33ZZde94YbUy5lPqlWdm+tBPeQqBwnVaaYxXotJGg7d+z3QeGaZmpNpnvR8eo8U3aaEHHzBw7uDvqO+z+8YZrWMOHN97piH0Li2P5CNniv/tJ4lvzbO9xE308huO2QCArqfv3OWdAQUb9Y4uKSYfUOnX8kxHwzd77wE4icfZ2+JT1m7yb8Aiqi1WabUEMpu7WZ5yJGIXBnlOcBVzpW82Sq7O2xXjUbuThYlHvsLS+SfXn8y2nCJHn31XkABsVIOBFMoSq94GENroWzV6qyf8idVdUN5hR4ANypGaJ+R+ma7UmhV7txLevDCduf8i6PAKZzO0QZZk6BG18jg8webJUIGBQF3pDT0yhG9Vq9JcDckt+WKTDuqVtFK50Jzv/fZDvNiHKUFJIbeuesk+cw2LgjOx4rkH2zCxH8QuS/Ui/aY
    PGPASSWORD: >-
      AgAQ0BJQeAing4IZmfcLadu/dt7E4QD+StkSM11LqpmC1P8GoEEJTUdfHAGx3Bdwy2yBqg1RB40r0O3ZLR3DrWYJejHr7YLiAIl7saC3zVpJaPdWPeCBwiqoLvoUZ+Pgz0CP5E5Gdyiw6Stzo/Xy2QjLUYqWnq6VYgnMY546dLyEjHO4kzlOiZ4r1b+9BeOkEgAfYeYiU9HgDCAM17Lpvsvnf2Y4LBLNhYMLDqEm/wJ+fU5ZCYOf/hRUiKPfZSjjM/16fb9xszYg8APnqn0DNR91ZbrPcW9zIEsqCx9Q1qLJasF1FAvoRvpn4zvflfOtJUF6fWNw3sM9MRcJV2BQ9r+3Ziz3mmLiZyYRZoCaAPnU76534RCvLfWPchzh6wtzI1+slAIDEIs4LwzP45V8kpFumqH8ELQHXLbQykLuOoWNl0JcDBVHJzYKr2X/uV0hvvFdRQz3VRNJjYJWKBARsvF7qW3VMuNG2is3kckDPGpVt5wpMubkDSmj672SYfkXBr09QZYp/H3oR+ov017d0KUsQn+xwxdcl5ykTDU+A2kjQriGmMyWHLn6Gljyj5u1k0bPyeaCDP9mTA7MKAIkRAnw0WDwDUNLVpsUojKjAH0lCP/TlHI14J0K+YmahHCMFKtVAiTbMoS0oiZA6qc9g8zfa7OHavjr+2PTpCv1L1EV9qnL5KqUd7rDX0DpE7RmDTvpyCgfWYbl+gjn6yIayRMWw/RIyehBewfInQuZGN4enV6OphqQmhE=
    PGRST_DB_URI: >-
      AgCP2o8jKjZK0h4UeOh3VyjeQp3/x5N96lsBaIkGtZp+82SVD1iNkUvJRQGw9kMkw8v6xA1SOC8phdU8tTWL4/T0RQxSH07vNFbAkdXMJOTsCyxB2e9+SimGd9ucvjVBtqew6Zh8XY0L0UO6r2iaS3rK6gr7FpnlN9g5aOHamWhkZjF/p6d9TZNZiA0wxmhjUylyCeJO3J1HNRyMczFMr5x/Z6WvCRPAwpBpN4+diZ9Ry2dAWS5VTX/F+9swJq/x1Ej9Rj8S0FWarnwsh/p8B83mArp8RcOqK5Bu570go2V1vRrOV9vHL95VCdYHRVnRJLJ7Q3c2a9UrwaFUxnPJQR+83ZX0cE1CZTr7BW8Ua0Kk63zmx/3l79ZSzPl5v+oUceleOoUnWCugo5DdsA7V6v0UShsIfBkFxtIKadVXeSuwafhgCNA1cVRUepk5Tyo9+NChfKFu/cJetc1QkdVVeX12flv+yCRAiwz6TOp1qSvJtKPH0uWgB8fObsG53xGPGSUrk0eOPG0o16DXKCtsEe3yEkB6U6zXOOb5FWY51Gu3FW3VDE8MUvFtdbWHb8W421VQ3PLDG9rdOtQ5lTqFon+7YHM6/+jOM1kFCFg+T13Pu3RU+He7ySKN9Iemr8/fqXLC4EszXzsA/uHCVVJPBH9xMMwEBUesbUmfzDl0mWoafOUHFPZNnudUdEZzU+vRi4kXlAVsXWtfAIHKLrhMdRhbZC+ShKoFt8fhVCg/12bVgi2fe6pK8jOpUGUkdcCiaoehA7wS6JNbM3emnpSvjBf+q8D5STyt/m7j8xP45mSMZWy1T6UZ5lXVF1p4nop9uaeNKclnngjwD2R+t3LBwVDk0gIYSQ67ZReWNJTEksiXC4gnpSmWp4WcW29Mb5LVrSLiGXQytECEkxzRZVvlniUEo2Y=
    PGSSLMODE: >-
      AgAC6Ncgyd8sdlW08XgZRlEYhoNUw1OxseEk8aABhJ9Zbw/+foq1I9LI8vhpfmfO9ypHP4eOHvJ5XcHz75/Xyq2L4dfwtiOwBmgWDshzj60l0UnDq+NWqoSX4Fb7H6LJ4MkTq6fMGCVQHjuyK18SnbQnm1wNWv1z6aO6liZUL3K3okM/Wj65Xk5fgWlc0XodvdZD2ABgncSJExb5HmizUva1cOzaHc3agd+iQLkEkokihBKu+xKxyaU6WZuC86SC5vVj8ZTD8rMCJk7jAJQ1O101+os1FAyHkL/zqoY2dahio6ikipX1GekPCeYtd/un8qiVb5skHOCgcYzHB+RrvLg7trX57Jpx+up1POlgtXppHpZc/SXGsvn6sDSWa1x39FENgkIJoHQvfPcTnIklFCo/nlOk9jcGYSZ9MLZQPOdjV2UGxsx6V2jHdUWeIUPAuA/xk/TkyHZMiFTjU+Aht+yaZBwDJGMw8OCiPPVXePahbyeed9VdknOzF8iffWtnbyBYQ9JSbIN/pVH+LcdJFh/X8YfpSaBwMwCccS2jo3JmDC5TmiNe6qNHyX+u9ciUqJaO/zGdlNulfr9xxSkPeZGOOM/2bsqzlPtE5UGt3kKaGW6UE5bMCU22E+7PdMjpGTwIjnTTNmrcSTKDRomwJuamCFEGtbE+NpzY1e1gxEpKfD9QwcEqQf7EZkRE4o299OZc88WxFNhZ
    PGUSER: >-
      AgDcvJIMsGrEXN7T5Nu9mD17iKY4H1dg95ALMDZSnQqYsd56e6jvWnp09anbvfKGr7yMWE2d7uwclvyDc+wjJKAZYYECbdLmpo7VO9pjZ86EZ9P99Y3VXQPDlUumL70Torc6Hyh7ZxXMGYx/Hc55krpVajWI/bbohsZTH6ahFFft8HXeAuLNNKLDasdZc8kmpFvlFzeGI7e4CaWC1E2S5VNsfy83W3/zuGT2ytHJ3+PL4uJPHOJ0h6gy7BRq1f4Z7e5tJ08vmFlZ1wN3H7LnW5Zp9z66QLXoYNQK8Fgy3Q63xRn82qvi5BedCbcNzao2MPWmQ6ImIMpyI7jFoYclJZmtDkjPX+Uatnf6oGcuVJHoRlGSGPxIh0JhwwwQBaUdLbFb18BzBfx8qrBEdfdQ24vo2jPbI4ebOtF5E7rz8b7EFfq4jIrceMq4pG896S6Q/osh4obPm01kvPu2RZ6/qQ7+dfb+KeN1Myb6c1gHHzMXNxbv1YV8ExlDXzR4hrWjIrZu4u5Ufx0YHARjxSVH8pzh1zgUsoxIUBmSputW8Yp42/waIhd4Mg5UbaQeTyl9dQJbUnQ+HMIXb1lTVhgFL4AQqGhwMKeOvkPN9Ku6zu+zc0SR4BdfRmQgp0beVvF7AOGA6XxiGILRb/4ppqnz4NqC2KUBhOwcyJK43O/CxhyAmmjaceR6sVBq3tk+MG+035XL/tuMLGuLCZzDn7uOZrAjctHy2eYKoVRUsIlWMXT9Vz1c9ZyM/XSlVStY3eA=
  template:
    metadata:
      annotations:
        sealedsecrets.bitnami.com/cluster-wide: 'true'
        app.github.com/job: '5678'
        app.github.com/ref: refs/tags/v1.2.3
        app.github.com/repo: socialgouv/domifa
        app.github.com/run: '1234'
        app.github.com/sha: '0123456'
      name: azure-pg-user
      labels:
        application: domifa
        component: domifa
        owner: domifa
        team: domifa
        cert: wildcard
    type: Opaque
---
apiVersion: apps/v1
kind: Deployment
metadata:
  annotations:
    kapp.k14s.io/disable-default-ownership-label-rules: ''
    kapp.k14s.io/disable-default-label-scoping-rules: ''
    app.github.com/job: '5678'
    app.github.com/ref: refs/tags/v1.2.3
    app.github.com/repo: socialgouv/domifa
    app.github.com/run: '1234'
    app.github.com/sha: '0123456'
  labels:
    app: portail-admins
    application: domifa
    component: nginx
    owner: domifa
    team: domifa
    cert: wildcard
  name: portail-admins
  namespace: domifa-preprod
spec:
  replicas: 1
  selector:
    matchLabels:
      app: portail-admins
  template:
    metadata:
      annotations:
        kapp.k14s.io/disable-default-ownership-label-rules: ''
        kapp.k14s.io/disable-default-label-scoping-rules: ''
        app.github.com/job: '5678'
        app.github.com/ref: refs/tags/v1.2.3
        app.github.com/repo: socialgouv/domifa
        app.github.com/run: '1234'
        app.github.com/sha: '0123456'
      labels:
        app: portail-admins
        application: domifa
        component: nginx
        owner: domifa
        team: domifa
        cert: wildcard
    spec:
      containers:
        - image: >-
            ghcr.io/socialgouv/domifa/portail-admins:preprod-0123456789abcdefghijklmnopqrstuvwxyz0123
          livenessProbe:
            failureThreshold: 6
            httpGet:
              path: /index.html
              port: http
            initialDelaySeconds: 30
            periodSeconds: 5
            timeoutSeconds: 5
          name: portail-admins
          ports:
            - containerPort: 80
              name: http
          readinessProbe:
            failureThreshold: 15
            httpGet:
              path: /index.html
              port: http
            initialDelaySeconds: 0
            periodSeconds: 5
            successThreshold: 1
            timeoutSeconds: 1
          resources:
            limits:
              cpu: 500m
              memory: 128Mi
            requests:
              cpu: 5m
              memory: 32Mi
          startupProbe:
            failureThreshold: 12
            httpGet:
              path: /index.html
              port: http
            periodSeconds: 5
          env:
            - name: DOMIFA_BACKEND_URL
              value: https://domifa-api-domifa-preprod.dev2.fabrique.social.gouv.fr/
---
apiVersion: v1
kind: Service
metadata:
  labels:
    app: portail-admins
    application: domifa
    component: nginx
    owner: domifa
    team: domifa
    cert: wildcard
  name: portail-admins
  annotations:
    kapp.k14s.io/disable-default-ownership-label-rules: ''
    kapp.k14s.io/disable-default-label-scoping-rules: ''
    app.github.com/job: '5678'
    app.github.com/ref: refs/tags/v1.2.3
    app.github.com/repo: socialgouv/domifa
    app.github.com/run: '1234'
    app.github.com/sha: '0123456'
  namespace: domifa-preprod
spec:
  ports:
    - name: http
      port: 80
      targetPort: 80
  selector:
    app: portail-admins
  type: ClusterIP
---
apiVersion: networking.k8s.io/v1
kind: Ingress
metadata:
  annotations:
    kubernetes.io/ingress.class: nginx
    kapp.k14s.io/disable-default-ownership-label-rules: ''
    kapp.k14s.io/disable-default-label-scoping-rules: ''
    app.github.com/job: '5678'
    app.github.com/ref: refs/tags/v1.2.3
    app.github.com/repo: socialgouv/domifa
    app.github.com/run: '1234'
    app.github.com/sha: '0123456'
  labels:
    app: portail-admins
    application: domifa
    component: nginx
    owner: domifa
    team: domifa
    cert: wildcard
  name: portail-admins
  namespace: domifa-preprod
spec:
  rules:
    - host: admin-domifa-preprod.dev2.fabrique.social.gouv.fr
      http:
        paths:
          - backend:
              service:
                name: portail-admins
                port:
                  name: http
            path: /
            pathType: Prefix
  tls:
    - hosts:
        - admin-domifa-preprod.dev2.fabrique.social.gouv.fr
      secretName: wildcard-crt
---
apiVersion: apps/v1
kind: Deployment
metadata:
  annotations:
    kapp.k14s.io/disable-default-ownership-label-rules: ''
    kapp.k14s.io/disable-default-label-scoping-rules: ''
    app.github.com/job: '5678'
    app.github.com/ref: refs/tags/v1.2.3
    app.github.com/repo: socialgouv/domifa
    app.github.com/run: '1234'
    app.github.com/sha: '0123456'
  labels:
    app: portail-usagers
    application: domifa
    component: nginx
    owner: domifa
    team: domifa
    cert: wildcard
  name: portail-usagers
  namespace: domifa-preprod
spec:
  replicas: 1
  selector:
    matchLabels:
      app: portail-usagers
  template:
    metadata:
      annotations:
        kapp.k14s.io/disable-default-ownership-label-rules: ''
        kapp.k14s.io/disable-default-label-scoping-rules: ''
        app.github.com/job: '5678'
        app.github.com/ref: refs/tags/v1.2.3
        app.github.com/repo: socialgouv/domifa
        app.github.com/run: '1234'
        app.github.com/sha: '0123456'
      labels:
        app: portail-usagers
        application: domifa
        component: nginx
        owner: domifa
        team: domifa
        cert: wildcard
    spec:
      containers:
        - image: >-
            ghcr.io/socialgouv/domifa/portail-usagers:preprod-0123456789abcdefghijklmnopqrstuvwxyz0123
          livenessProbe:
            failureThreshold: 6
            httpGet:
              path: /index.html
              port: http
            initialDelaySeconds: 30
            periodSeconds: 5
            timeoutSeconds: 5
          name: portail-usagers
          ports:
            - containerPort: 80
              name: http
          readinessProbe:
            failureThreshold: 15
            httpGet:
              path: /index.html
              port: http
            initialDelaySeconds: 0
            periodSeconds: 5
            successThreshold: 1
            timeoutSeconds: 1
          resources:
            limits:
              cpu: 500m
              memory: 128Mi
            requests:
              cpu: 5m
              memory: 32Mi
          startupProbe:
            failureThreshold: 12
            httpGet:
              path: /index.html
              port: http
            periodSeconds: 5
          env:
            - name: DOMIFA_BACKEND_URL
              value: https://domifa-api-domifa-preprod.dev2.fabrique.social.gouv.fr/
---
apiVersion: v1
kind: Service
metadata:
  labels:
    app: portail-usagers
    application: domifa
    component: nginx
    owner: domifa
    team: domifa
    cert: wildcard
  name: portail-usagers
  annotations:
    kapp.k14s.io/disable-default-ownership-label-rules: ''
    kapp.k14s.io/disable-default-label-scoping-rules: ''
    app.github.com/job: '5678'
    app.github.com/ref: refs/tags/v1.2.3
    app.github.com/repo: socialgouv/domifa
    app.github.com/run: '1234'
    app.github.com/sha: '0123456'
  namespace: domifa-preprod
spec:
  ports:
    - name: http
      port: 80
      targetPort: 80
  selector:
    app: portail-usagers
  type: ClusterIP
---
apiVersion: networking.k8s.io/v1
kind: Ingress
metadata:
  annotations:
    kubernetes.io/ingress.class: nginx
    kapp.k14s.io/disable-default-ownership-label-rules: ''
    kapp.k14s.io/disable-default-label-scoping-rules: ''
    app.github.com/job: '5678'
    app.github.com/ref: refs/tags/v1.2.3
    app.github.com/repo: socialgouv/domifa
    app.github.com/run: '1234'
    app.github.com/sha: '0123456'
  labels:
    app: portail-usagers
    application: domifa
    component: nginx
    owner: domifa
    team: domifa
    cert: wildcard
  name: portail-usagers
  namespace: domifa-preprod
spec:
  rules:
    - host: mon-domifa-domifa-preprod.dev2.fabrique.social.gouv.fr
      http:
        paths:
          - backend:
              service:
                name: portail-usagers
                port:
                  name: http
            path: /
            pathType: Prefix
  tls:
    - hosts:
        - mon-domifa-domifa-preprod.dev2.fabrique.social.gouv.fr
      secretName: wildcard-crt
---
apiVersion: bitnami.com/v1alpha1
kind: SealedSecret
metadata:
  annotations:
    sealedsecrets.bitnami.com/cluster-wide: 'true'
    app.github.com/job: '5678'
    app.github.com/ref: refs/tags/v1.2.3
    app.github.com/repo: socialgouv/domifa
    app.github.com/run: '1234'
    app.github.com/sha: '0123456'
  name: azure-domifa-volume
  namespace: domifa-preprod
  labels:
    application: domifa
    component: domifa
    owner: domifa
    team: domifa
    cert: wildcard
spec:
  encryptedData:
    azurestorageaccountname: >-
      AgDMWW8WYEWX6KZ+KBZR355HFSnE7kKL2xbeuorp4rML22YI3NTY/qNYTbmDnG1MU1pROhKhgiQLmC7e5+IBJKyZJZJyTV9HI/VIE7jZL6AiNjV+StZ5kFXuX40k+I4dT+UljFAYJWBfKJQ3fdcLcQu0hZs4JArHSk+Q8eWGdFET+0mAwe+VDigoFVk98SmpPxTx+00wCPi6ZEB3yLmVnmofOK1q490qv4fKHTfeQ0w5eJe7m4zQuxdxBreoOocV9lJ8YVtr3KKd0ZQAtS69706aON935bUIvSId4AxqBUXc4PQgeky24TiYmSn2nmP1XvqgDL2nPeH6DGwwRZ8m8X3j6D6bl3RktF/wkSBjaFNHUqjIxvM30dx9REld9ny3b+YWPFQ4T2kdGdpTvWIIwa0Sif4I1ScJy/EhmyRWIFrYdNuhW0lHmyLGQDD5HjrpmYVfznqvqstgCR+E5fcsmuQIMhbI4g1S+rsNavzZuyoQ+NUhbobeeg0syC8O1m1lOSrU0EPIYBfLqWzNBUEajzwpm2hBxW5K6W+0miCWpchl/Bnlqg/8whVMxc3ANew8MMSSA6zj7T7xcVv779dwzm+i1Hy+Y6gHXqGDOK5Z5/ERzOa2/Ys1DrH0jQfJHy7XPHQvTQoFjzuStjqemCdUVlGcSOCZrTcC/ZEkeTxGn7FLk/OzpfFKDokaoXpgbOO6Q+tyXoeDXLa6bYk=
    azurestorageaccountkey: >-
      AgBPU5fMNZKwd5Snf9UTw5IO1eyGUrs4WF6ysIaqlWGF3tnkQUu5Npg4H/lFIdGOJwRh6RfaYRu6zwtzFrHmXQIrbGZyEy0fH7xH60Koxpu5J48yQjlFP+M3ZFSdvxx74n5uThFV6dzohCAF052CKeWiVvZAs/PIJCtDMrcnHUBXMuVkEhu/uV0Z4ruz90vtpODA8AjEYe16MtYouNtU82Xvhwl3TTM3flkvPHTU8a6Fry0/+QC8EM73dZJXJbt1u9dLA7OcvSoSBV0V4qSfTXCfI2BEVCbUgGIz0jF70B8ZEzMC4XQjCsECyq8c9wADECuU314EkARNu0moDpc04tWZPFei62hau7P+oELsHp7sY07t0AOdJ8/+z6naWC2cnfrD1E2CEJFeWVcuOoMRGzsfA2FoOSioyIDsZ6tRpw/IkamSrHmzC+I6CROTKXhWEsmRnx7mRz0bpAf94oUmcQCQYC1FNo4gBWTWuKhPYBArudjePuAP75ABegxg8UQNHrWXAZlrnzHiwaq9LRYtzq1dlt6rc5tCgNcX9zyMKMm08Ecy6XLY5YwaZQRKR8zOxlSX2B+2IjQqdF034a1hid3fArZsW1D7CYjhsXiWyr0Y3LVRWZRYlNIMAXrEp1sJwnkiiJbtZhQYuQr10SuyoYO0Kice0OglhLT9be0y4J/ymp/ibja1Ji1jcV5XMUCyCygI0wBipMYrT7PCYvS1S2A2L5U9JDvvgMyAeLosGjYBXTXpOVwLLgcOAQsHa1nJAD4pE9FND+e+xN+FcB+PvFb+j1ST6sAmeXF7NAnY/fnsTW+yaqZyOqHq
  template:
    metadata:
      annotations:
        sealedsecrets.bitnami.com/cluster-wide: 'true'
        app.github.com/job: '5678'
        app.github.com/ref: refs/tags/v1.2.3
        app.github.com/repo: socialgouv/domifa
        app.github.com/run: '1234'
        app.github.com/sha: '0123456'
      name: azure-domifa-volume
      labels:
        application: domifa
        component: domifa
        owner: domifa
        team: domifa
        cert: wildcard
    type: Opaque
"
`;
