// Jest Snapshot v1, https://goo.gl/fbAQLP

exports[`kosko generate --preprod 1`] = `
"---
apiVersion: apps/v1
kind: Deployment
metadata:
  annotations:
    kapp.k14s.io/disable-default-ownership-label-rules: ''
    kapp.k14s.io/disable-default-label-scoping-rules: ''
    app.github.com/job: '5678'
    app.github.com/ref: refs/tags/v1.2.3
    app.github.com/repo: socialgouv/domifa
    app.github.com/run: '1234'
    app.github.com/sha: '0123456'
  labels:
    app: backend
    application: domifa
    component: domifa
    owner: domifa
    team: domifa
    cert: wildcard
  name: backend
  namespace: domifa-preprod
spec:
  replicas: 1
  selector:
    matchLabels:
      app: backend
  template:
    metadata:
      annotations:
        kapp.k14s.io/disable-default-ownership-label-rules: ''
        kapp.k14s.io/disable-default-label-scoping-rules: ''
        app.github.com/job: '5678'
        app.github.com/ref: refs/tags/v1.2.3
        app.github.com/repo: socialgouv/domifa
        app.github.com/run: '1234'
        app.github.com/sha: '0123456'
      labels:
        app: backend
        application: domifa
        component: domifa
        owner: domifa
        team: domifa
        cert: wildcard
    spec:
      containers:
        - image: >-
            ghcr.io/socialgouv/domifa/backend:preprod-0123456789abcdefghijklmnopqrstuvwxyz0123
          livenessProbe:
            failureThreshold: 6
            httpGet:
              path: /healthz
              port: http
            initialDelaySeconds: 30
            periodSeconds: 15
            timeoutSeconds: 5
          name: backend
          ports:
            - containerPort: 3000
              name: http
          readinessProbe:
            failureThreshold: 15
            httpGet:
              path: /healthz
              port: http
            initialDelaySeconds: 30
            periodSeconds: 15
            successThreshold: 1
            timeoutSeconds: 1
          resources:
            limits:
              cpu: 800m
              memory: 1024Mi
            requests:
              cpu: 200m
              memory: 512Mi
          startupProbe:
            failureThreshold: 12
            httpGet:
              path: /healthz
              port: http
            periodSeconds: 15
            initialDelaySeconds: 30
          volumeMounts:
            - mountPath: /mnt/files
              name: files
          envFrom:
            - secretRef:
                name: azure-pg-user
            - secretRef:
                name: backend-sealed-secret
            - configMapRef:
                name: backend-configmap
          env:
            - name: TZ
              value: Europe/Paris
            - name: POSTGRES_HOST
              value: $(PGHOST)
            - name: POSTGRES_USERNAME
              value: $(PGUSER)
            - name: POSTGRES_PASSWORD
              value: $(PGPASSWORD)
            - name: POSTGRES_DATABASE
              value: $(PGDATABASE)
            - name: DOMIFA_VERSION
              value: preprod-0123456789abcdefghijklmnopqrstuvwxyz0123
            - name: DOMIFA_BACKEND_URL
              value: https://domifa-api-domifa-preprod.dev2.fabrique.social.gouv.fr
            - name: DOMIFA_FRONTEND_URL
              value: https://domifa-preprod.dev2.fabrique.social.gouv.fr/
            - name: DOMIFA_PORTAIL_USAGERS_URL
              value: https://mon-domifa-domifa-preprod.dev2.fabrique.social.gouv.fr/
            - name: DOMIFA_PORTAIL_ADMINS_URL
              value: https://admin-domifa-preprod.dev2.fabrique.social.gouv.fr/
      volumes:
        - name: files
          persistentVolumeClaim:
            claimName: files
      initContainers:
        - env:
            - name: WAIT_FOR_RETRIES
              value: '24'
          envFrom:
            - secretRef:
                name: azure-pg-user
          image: ghcr.io/socialgouv/docker/wait-for-postgres:6.56.1
          imagePullPolicy: Always
          name: wait-for-postgres
          resources:
            limits:
              cpu: 20m
              memory: 32Mi
            requests:
              cpu: 5m
              memory: 16Mi
---
apiVersion: bitnami.com/v1alpha1
kind: SealedSecret
metadata:
  annotations:
    sealedsecrets.bitnami.com/cluster-wide: 'true'
    kapp.k14s.io/disable-default-ownership-label-rules: ''
    kapp.k14s.io/disable-default-label-scoping-rules: ''
    app.github.com/job: '5678'
    app.github.com/ref: refs/tags/v1.2.3
    app.github.com/repo: socialgouv/domifa
    app.github.com/run: '1234'
    app.github.com/sha: '0123456'
  name: backend-sealed-secret
  namespace: domifa-preprod
  labels:
    application: domifa
    component: domifa
    owner: domifa
    team: domifa
    cert: wildcard
spec:
  encryptedData:
    DOMIFA_SECURITY_JWT_SECRET: >-
      AgBU0tzOyTQxOJkVHwTP/PaB+6tRz8/IA74V+RarBeaT9nwDE7p6ZZfbrERIPaiLtDJ0w89DynXvlaN7Rgrt0YCCLfXAe1aSyq+RShFNH0vx6i8Lemu/b+eyijMTNfYc5y45NYUeeXf05Zzzcx+QqAP5ajqGT8gms0LKv2i9al9yfdX3BTqmdLUKv8uourIDQiE8GbDtGola801lzhYvHqHNg000op0jSZ1/ybcFXwY90GrYRbTyB6aWSjRdur0UhKyKWFAgOv/krnymkFVwoSkaQiWNmHj/4R8l/qEf+CGqbL3a8u0+WW3T+T9smNc71jNAKhA03UI5KuTNKtB4thYTKBAE3JYz9qMCZd67evpT9XWPUsb+W3xiT2nwt0LRMYBt/sYci3bs4hw3pm7ar0qOZrzIDEFRL7LmDBoQgcI079MUmyc0kahdKHAeWbhpdA8ry0z8jU+ffr1mua10ISdi4en3pUoQ/CW+vUBmMDfcEsvD9GjhdOapc3i5dzBtXAa3Fh0WOSLQr8VLhGx03a2od9uuDbndwCf/Y1LyC3ct6HavT66jUpMFGIZOLwNWdTaCOBm8CC1Hx0OpziiYm9uS7eM8YAC3i7yVEBCOEUrJBpuhEaocwSYjIr3tYN0uR90so3E8kT5ToKhCyo8B7k2Cbc1vT3WdtQgppwqlEsfupUSnMV/HeNo/hSmst1X3Q0oAcuO9ut4p0kmYjnG2JWvYvniPEBUgYD+z/02oinNV5PJvl73uaI5TWRLWYpqqA47r+M5K1tVOlCp+BphSaRSYNNDbYC7Cdux+hjqekCjgg8htwR1oAz1pZ2nr2gdOuSSJBw7scJaMSvHMw30RB40zOx0xqDhMKFuB8heS3Ni9G5UXCTOFy3EtkoJHRgLjYWiPZ29p63Kbw1gg+ShWcuBSBDZcKmdoqYzHWrCXmvTRIP8PtDPYguhKCMw=
    DOMIFA_SECURITY_FILES_PRIVATE: >-
      AgBjuf8/a3w4O9g0sBW6S6OtmazmqS4xILNMmQ2i9X8dHr/CZTnLQGGZ+u42uujlwB9vP5CHsxjw6Q//0UfGv5njEHprI4jmJ34bP7M3B8BxIcacaR9r9b7SjnsvXjE5VZi31bcu8uFdwcLXT+2wHtJXP7MrowOosjppANT5i9j9Lr+7EV4PE9it4oWyK9f3cZTI1q37+ljbtyuyRQnLp5M6ClVRcSvF9nW4GaIXm5HMIUY99bOk3Ue+7ouso0RHJeM4XfDeBnyLwy5dJn9zn6vQk0YSfOfCuwdB1oUgGrMxFgy1SLuL92CWrySlXPDI6N04fgMrznPqD69GXPHzl7qsJXl2TaVw7AgxE8BdmSPvb2UsQBhvHivp7S+R22EjDuh3d8Q/tQM+OdyopfT+CquCva3LEv4IhLSXuhp9OncOe+Jt43ZHhTDbqg5YZnsukfjMAc/IJodhJlZriRZ4oTm/7dmoIQ/Tvq6L6JI66pHpY3PcQTjuLMfoAdAVHg0f+nipM6hBS15+z4rhgbuCgR7CDe/AVZeJnGts3EVQb6Dne/wWTCMtCYufu0v2+6XJmfEJXRCUXVoIccP1j40WBCAJWhtJMYzeBogy1kgpY1jF4BGLfETExO/B+feqGT9ve1W4Mlbh+Q6QGk8lcm1yhtExHPCKiz/McWQgghKylh6/gyyBIp6yL7QTKrRX8rJXwUVzht6I0FwcbfexecZKwMmqCrJqa5vVK/KYyl7TWFbopA==
    DOMIFA_SECURITY_FILES_IV: >-
      AgCTyR/REzisCupRvUdVT08q/72dKX/Z4uqebEmO2ao7S+lN2ROGsi6runRnMU8nzM0SW7pV9WaLFh4emtGhhG6RSnbdcK/HJIMuDNlnp/NumCF8lwO9n86zqX9icz73WLIOGnOcXjctCPYdwp4hSpj8jQ5zZWaVaDipSw3czCfb/atIBE31pWBzDtYKeGc00D6TPlZgrdzZ6L8QBslS4y7B2afdbhkPCVcOd1vxQflgWpzVBMX/sVHOl1Hsg4I6t3xqP/eRBqahVz3ST19eLnPgGTbNxPu/0CdYjA676z3HwR+xZt0RVu1Xrc3WtmCEkUflt7/vUKvtmA9AQkQKdpVzSOX1XsouCz+gIspfr1eOmGwXDdR3qA9s9FbjjjvZZpa2SaLxxRRSEyd4LN4QgLWY84lKTbwQPMTJYEKb7dV2wtBfzFrmW5s1EnV/FUuOnEvCDpR714EwiyJDubqxUNSuinpFljYkUCWAuyWKE8wmuqxuXMwUes3IZMwGVbX+duPQy3i1u9Ek9Cp54nws/+tCHP7TlwfXoj471XHDc1r0mLni/bArTxIfP+KEHQ20Py2N5ytYgrmG8F8du0rydx1RajoISQljP2ag6tbcxp2hquy/MR0Rd5QLkl+elQUhCC6D5o0BrRkNffYU+s7jeoAsyPFmxfkxm0Mx+2c+RvkNgDGsl6OAwfOwzetR/qRkMC/xUuLU2GEE6xtsPU88G0ru
    DOMIFA_MAIL_SMTP_TIPIMAIL_HOST: >-
      AgCc3aP+NeiV7iqK4ieGWwAANtXRTaSKfXBXuhwUClC0Pshsdk8PwTXojqIcFAFIutNDBUVP/7rN8YAFrmNfL3go5LbizAsHFpjarc2kslUg/NEiz9vOUjWNzGzXTYrQKp0XXPaoSheQx86INhfnDbLO4Zmvo8p2qyJ0jKPR2SeCEate1mR4DGTg9kl9lly/qTxYRd12RDtVbsWq3iQC8gKGEeXMvoyvP4MKt0B3QLmgQ95zMbAC99EpTPGaxIdg010ilG8Bdqqp7QDp5HFoZYcYyHjMVLSxJH3I+Ra363jMAYsIq+bUgDQM6YjVXi105hHGg7fVpodz32gzk0HlRT3HhefAaCo5mgyUEQuH2Gf9SPrEjkqE2QaBmyYMWqkPdwJasELKuc6Aade3p2hiVopfsALj0k0yyOBUe4vwGHfwmNC+b0bmVULjvV7QlTG7sJYLuv1zhbsvU5WSg60ZG14hdyxS7RmyWxr7tGAM5dlDozNu+OFfSW7b38Ky1P6PaL63dpnYH+WTR7tsxJOb+I87dhWSorcLDtp3FnpV5Rwp6GUWkuhnFrZvYfphTYADgkBLCCY9Ech/MauN3woGeHtBO7NZgckmSLAj/KRkUoInbrMZcGUDBEG301aNhQtFuDlYXGTaLcFdK1rxAdZrsmEk5m1s+J7oAMs/Ykz7N4v381c/RMh4pC6/IOdEBGOjdWBtfGR3xJZjC+wp4f0EQaD4Vw==
    DOMIFA_MAIL_SMTP_TIPIMAIL_PORT: >-
      AgBQxTIsqEUqPj5ewnh2e2XNKAUnEqWu36o+bsBgTBVttzCVUvn3GMSWo8tuFXhCCfZB7OCIhMJ1VrnKwQHkD/ewwCPsU2/5sZNG3EV5tvrNSGNIpcMxmHmlk0z0C0DIWVwsGyjmukgN5/GdGrYBqDDrs2RWGwqRF38K6LvFR+6jf3q7tW5RWfQBjGVQumuzAhwcCwXRZUqb2sKokEcZdykEir942r0DvonBZqa9ApQQ/CzBXp9u4AEWQ/MGzukX4Wuana8SHZ9keCS4V+VrWOU/pVyiyyW7tfP+YG4O2VkdZko9y3Yi5aEBx6S+aoSMg9M6BhvNbvz0CVlwECAyJN7eAzAP5ylXBHD6UvmO4EhhqCX5Sb6FmwDs3m0D5m1x/BElEOtNRHqpnEHYEknnKYe+SD69iykCKZvA0iFely2A3i0z371yJ5rhMYvksIOwpiBzWhXGZdNyJ7Uif0ObSl1wsfx0GuCCOFjnV165NVwmZPtZ8UdBD0D8XfWAB3Z4R/X9618OWO84ySx9GepDYDUxTNq8ZoLad2M0t21Zl8uBMxI9BGAhqm7wNB/WSoISusXezA3TBoThzYHSPPIxaR7r3EJpSeG/uiY2EarOvkwoXXz8LQrTtvmkjPHc06WAIsH5/Q0jfayTyHFkm17nghTTpTcjMvwQQ5Z4w4EqD4BfgKRRx5U8LPc34jNJZVKc3uSQhEA=
    DOMIFA_MAIL_SMTP_TIPIMAIL_USER: >-
      AgBwRj3Ov5/EEjSftwT8Do2OckqU7bgsEuKAJjd0kyQcFM9Z7bm/XZWtFS7AOOvcdFtOI52pP4bdTNys3lct8izsqh9zKtyBeIKzqw9v+9YKbsa7TXCdL301WkFF0lMO50Y3cxCvHS8k4dNeXnCoh5ramAf/xvCQt3L+6z2aQpQNanfhjKb5ogbXKj1cvvi91VRuzruGlOPs2EZsvwDAFAYwr5VNSBVIxwL8tmmuGtBKAEff+dDjBUuBoE64VVJ66Cg7yGF/S7xmZ2mQGVBfJ22uOYckE6Bd/u1vgn/PjinCI0E8ckxvkol1VpdGRcuWndutwB3g9Ed0CnoQykaufKg6L2seKBfH+ES0DxQunnd3WHev1EAUSRv90u1QnXH53TAqonmTM+blxPfWjzDwxZG2sHSWql/M5E9FtCP0Fz09JJeDzDnIpSQaPfv09nlF27gNDufVxGv6zG7MpKjG5lGz3F2z1L4dXbH2VECbjScfcIPlopq+Nr9JISTOwSDkRBo/kUEFYSFsxkAX+fpg34GWoyOVrY20WyNz7inJvzR29WxNV13HafeuJYoATpbYX/h176pjscWf6zDhDZyzrMu2SxEa/eQb3h4gQt31IQEvEpN/8UIh0FDD0WBi9cF5lF6eckie2UfXyUV2C1ShWYs2OXWho4wYXxTdctyuD9kllE9kCVsdUO19CeZ5iNfz4hStG4Y0249pGILEg3GIAsWX6mE7+lZvU9AusBYTcJNMxA==
    DOMIFA_MAIL_SMTP_TIPIMAIL_PASSWORD: >-
      AgAm/c7nOXUnuTNr2UZp1GDwF1eXMgFKrFe1VWPJYHLQ8NctuAT19B55Qw0VHwYmOVD8wW4OHo+SK9pZPNw4TNjV7zanOLndda+BXdeL+2I5fBKsBYIctZfGXEsOuZxUaCbB+PBJktAHqtElBLXjntRk2t8uVGWNycUfMw27wSxKoNKv0pPLUjOw2wg0LE33ikV7gfhxYgd5FxoBKTAS+e4geyNB/gfOaVfhC1cH4nE4fPEbgFsLEbk0CzQ28jin+/BIJgNdFTomYlSrE4fDhD/Cyi1okFx2poLqvOif3Mdzp9tzAVAxtOmqzNfAf/PoOcmaFZI+GhDPm3XSB/gNXwDyixHonqcPN7HWsBO+Gm4Eahg6aeStt2sow39ITXJ+GMSthuyBf6MfpBxvxIxdFnhatW3aEoC3D8f9FddcTlcG4bXps+DLnqb6kRYjJWm+Tdz22rEJc34AST8d2Mb39Cb2gnZRv3X7micmfxH/8Xg90qcruhbPNXdD9X/85w1hPaqKk81cNuLzh9x9EzYu/H+BCOZpf9Cvt66uMlswQiunUh8uCF0jODCNLDg+TXfjNGEN832gdwG7jmdJTif8+Gbf+6J8SaMK686xdDRjBo7Vm0r9iaDQmKEscqIVB9KCddHn6c3kQ/295dU1nyIAwetSFAQeGCPcS9f6hvxNw3/XQhDp6Dw2gSDk3RiMpVmoaoSNuIZYFFhU+gX+U4ofeXyB38DPP8H5epTEc9GMiCXtHA==
    DOMIFA_ERROR_REPORT_EMAILS: >-
      AgDQhZrT4EcCQw6+1jzAxQK0vqAUUOOaeNzIFpeNYWpTUVcUhD1ALn3ZMCZ7xIoXzc7IHxdhjkXMDRQZ+zpCFxBOIlJ3UyrPWV8vNFjf6sE7xJIuwnbAXZWSCKf2S4K6WfX7Mg6K10RrULzb5dWjAT58F1hHvXAKGTgueq31u/i4WE9s1/WcElgW57ogWr7rQeyXQa+ag/o2oy1cdmLjqjC8VQpd2LsFoctf85aq7uaQNDZRU3SaE84Wa405MwoMn1MuM7ac2DsRH1CyJqsUSHeq71gVC7uhl7yXWZCbcTfTUna0HaDbCyaAaQHMfXLmzQ3pJTyZz8PNzVhYpgAW/N1l+P055hJ+9Nblhey+qvNZ8ETE50pWErwx6hfSsjDnLnyX+HjGQD59aL4789rzxhVry4wRfGcGO4bJWl9rtYfxLz01/IA3Mly6zEIO4x15Qr8lhA4LjRrT0HVNpX2kN0PO0hrzUNZJnvD61H/ncq/t0EBPKLxxXkFIP6uPXrkPSPt2eNGNtU18o/Six+fyOkkMNYMPGgaW1Jo8RR7n7u7U4Eli4yLouROmfmIDnAmYHmlfxlEhGtiBQ6GLe1ddda7jncNgsrIZRdFSoxpUk7WGKjHUywAcNGoHssI8tolDBQOG2CPX2IhxzQZSeO/giUXXxMCaRhfbWcMHc+eN/bNZdLve7/mjDMySykkzbkfgBWU2uvbdtYiQz6Ctc3zQieso75GVozQTvRyPUp0yOxq/Q50sZ/GHpPe+K/Q9nxbwXGOEoE1uZPXz31gT
    SENTRY_DSN: >-
      AgAzSBcRt7E3N8FlCWzY4i3YuXHOrMEVZWK5us26MlPydLwZS9yGduEJ4ZRQVdk1o9+Krde/2b+J/MJu0+SgaH3vH/hizmdGx1nm0lzsyjlRQyVCDqbOqVr1ZUdJBn3R4Q58tIG8aj2m30YRGHPjLEangmjlpKQAXj1eURuCw5AD/PgqZ40MU9dB6brlz5MZXp9ZV+G9qQQ4Bt9i8jvzAm+5gioy4qaS8nbSQ8qZ/p4QoEJ30Siw5jFuOjn2fCZSbaMqYfqFSWRG4oCooyvRtyGSwFgh3YfJskSpFTO/EOy05dzijRAq2fsB4xRHW6XWkW8w8rbusZpe1GvJXYUzhxC6nGMvEAM9cnfVvJ74F1CVuE0BiagCD3bdUGIr2om1br3VRalOuwCjRVdYY8Olj0GGvBCCl7YKYFCqCEbcGQRQI+GOkLnBn8Fa+Q4tTGF/Ze9vuMgAMXeGCKiheFfsZ4UXxnjk0Xv1lm7sNs9pgPwna/2FeLWfsSNwW42EhRduVuMMYNhJzHNYcw3WI5V9BVXLJjBlneqzHFo6MCBZUdTputssh2bydQRU3D9rg9OGkkpYR9ntaxQC48OmyAYFkfLHDtXN8qs5aeNHkFu5hP16EhkzY49gy7Ly60A/8g6NXXe/XDrzaTCD/jC6tuKW2pJdB7E/1Wy4WjahePPFWU7ZK4Mns4+6dVd2nmCHRyd1H2xWwQG6bcIQTCMvfuabjkK6Qjxewh9GYKFCl/7TLdlwNQhphNfL/ooqr8IzU9ayhqbjXYJCNKdt8E5+3WLY7i+uP90ghUiSqYHpxQ==
    DOMIFA_TIPIMAIL_FROM_EMAIL: >-
      AgDFkzUlb0H2gt9ZO0eqqzya21wmsgv3aBPZ4yUtkLTdJnRvxj8k1Er7lA7yTjkwNWPBLP5Je30XDxtICfh9CCYQ45umVejoK/cs6iWgWvXE92kjiCE42AQtrssOK6b8pktASFe0vTKDuh7si2poErh32tOEP9u5ManS7+onqazfJSemg7IXJCE89NYiczDprPkRb98QvTYSufMSSkTH77LcjsfylegWMFYpfcEiAhgLrlbYkC8WBN9i0SJqrh3qisb1a1SKhNNrgdy3rSANZn64+Sbw2MlXSETwyvrjm5oGbslavGYq36zUhbyj2Lur0LyWe1gSsmUc70UFlCATK/zZKzGUxY0llE2KdF5Ftu6JNI/7ocfwJDtrPygkJF5+mQ9Ml1oyqtJ699AEpWyuoUyarYuOG125AniOjD6393hUCO4m+VrweVEDERp59VaJRIZWj46pc1KyXz8n2tJcXRzQc2BVuaOFjpAr2wLiW9e+w/f+pzdpvzNARW8jor/kiPIfuMlSN7WAWHZUuOeXDKt3EB2FXyWojHRDdNlFRmvG06uYCjwqLhIDCShOM1HXdbGV9lJqsYBLQgmPsyQuBTEOwvKY+xvPnCf4ip0+LBzmZcv8tz6uF32JgiPLzP9K71LwMZoUIj6stSB75YA0T3M07uW3ryFaC7v7Ps7FL3dAXL2aduUkNRMYADwKrkWX+pzotpRvtpEKwfLguUH1TXhlhDfq6Zgg5XcyGNItBT6f80IPkMLsNmc=
    DOMIFA_ADMIN_EMAIL: >-
      AgDcATwhrRTvJoTAF+V/l3j9WT3Q17KMJT4tpurYakeMG/W8uKJhT0bc8rGpl0/jgPSxSh2yqY7iruph4ftuaforkeTqlJ2CpVm6mHvujAgxvp95CZ0Gtu12IZO5SbmvUnc4BiymhZ1Xnsj7MUTcmrJY4+6/GDdBx+JcyPOFHhE4Aa3XfVqoMj7HY7xaMvGmAU+zak17J8jmaku1+6wpIThPVMlY4aqeHe1/Y4zX1m5dlHHBKWiLBvXg+MKyueMS7OAUKF8S9wkK3NB8AnfTbq+kzFa6eHbeYhjqL9qSwflFHIpzq8m+GC3HUWgiIvC9Cl0kpCTBB5xHn+rr0Xyb3ctX7x7uSmtfr8ghh9VSHDdqtubOkEQ1gMEtD4YuqeGdoNK/i0FFA/tqHX393WTfPhM2wbqdvCJ54Nso7Ejk5najGazgvu0EcYW676wGtIJunQ5OYBG4Rzwo3ZqmaVIPc1Bbyw7zcRj+F1c6md6MLWWGMXNEDYzIftjHbVnTbmCRdva2rGkWAlH2f4qIrk5cOB1iiLEP3AkoNx+gwq0lW15f98rzXd/hywuUQjIY49KUD0yy1xEcYNuyy2S7i9MPK8W2IrMMoY0FuUjQceyqjYt0wNYl9w11Wz6148XSfHVT+l0/aMDqQtepp+pl/LWUvfyWVIikBoMX4Q89UA8ZceLsThSasdpByDIOncIwK0nffUG/2gnWd4l3dKBXEirIPU7jb+J6+Lu8rR8sBCG4oBpIO9YtqhOW8Q==
    DOMIFA_SMS_API_KEY: >-
      AgCCPKnIEBtS6h1sbIz8OyUXCcXQGsgTxU4fs7OWL0LXExQr+HBC3cl+rtYIrKBiRWkBJZ0Lka2Id3MuqjDszHRL0omi7cvMLG6FowFMJUi3OoB1fZQHgTSEzfifCOOJ3pFG/fHcTuat3yeEmhRP8ahb9dRGMEtRyRJIEFQN6hUI30262AqyQ+CjeOB94JOlJmCHjDPnzfeMM3RfqnyR4m/yrFkCuePFUctJBUW1fLD8/6jseNh0xrJwCD9vS8vwtYkpUsN0HnIVTef0NyBIXvWpu/+ofp+sSsNINFNPTWWFjLhRgmwdlUFFyJ8kqzCNFpzFDeU6pKq1HS6yAU30G/EO4K/8rUlT20/274tY7Y+Y9jz2cDWfF6MYfUOuYTUwl92RIBoGrHYfWFZmyaySPyDxmlffrgC3+K9+AjS3PCXJAeK8XD7eXIHSvj2tzVkNHszw9BYhuyA6MlMkvKrkobTqoIDa1U9bXT5lFsvzytCG2KXjuY5JoHxofQ/lNNyBA1x7NBVW/Pjq+BesJyhOF8N9pkKTJhjch3g4wD8I4HsoIjSGtyn0/P9n7tuAPITyIvQ4rXwaWFAdYiviRIhdrI6Ln8WdsmzdL5WP0Rw3dFqtXkDniSt2VYRUFBdRybQOs5FH020gSDgmlESn65ukG7gZeYSmtbM/g0YgpCI66B5M5i7uSWLzoqe3Pgr1fmB9oQaNyUeOqDBi4Tz5QF3HJ31KUJdMUsNwCWG0WCWg2H6Meg==
    DOMIFA_EMAIL_ADDRESS_REDIRECT_ALL_TO: >-
      AgBTLcHgRK/LvPFO12H5z0V+57z0D/BwVKAjbBswZUI+FQ5gAxe6DPhdhCx/bSl4cABB7C+vyxNuuixNGO5P8CXmmzkGrDD6wCFtUBlEKQbeB4CBs3DI6cfJy2Tr3tCyedggunKbsO0vA09AeCR4Bcw/XDAl55hsZVMvnbQaOwvBpvTyEGjuFqRMbUBzVdrd0tly3qSUdV1aCEGfugQXbtQxSYxUDGgngu4/9X7ozInwGzmS5RUfGqpXhN8VLSYxVaqUsB1uH5tU5gxmKi34wuPMzclmHEzz2tTl+JkNPS7RxiZwj+2+n29BywzMS07Za6Eht8e1bvpBRxexzcb9AFOe4u1g0sX137sZ/UFsy2ll6hJgmaULCuWjkkC6D5zHUNVI3ykY/55GEGn8RBCqQOdnuZCwT+BRtfocGOemPrqNQFgjlW0vPis/08scxuErPNv2asxVmkjaSLE40K0NFolBT2XqfhXtXhFxPhJkAR4/FrtnzTn5Zt/I3yYXMXZOWmb+/TVtrvvFr9sqUHYvzjkF/JAaW8I17LULDjRI92XMdXbsluu3zeX4rL9B10iuZ/JrXaS1YgXZ+BGX841GJUeQ8IZNF+tZFkmAV3L26gFv/YDiEgDcsCm3+mbUjVFNmIqsLgMkq6n9HuA69Q7aqW/GQ793OYTaZqt6ZB57QanTfBSgzx3BY4TWZxwX3ShyJkuVH8oxr5zpr+eJYQ9LJrVeq1/NVpe1WPblvGF8zmiY78ULWd6dFg==
  template:
    metadata:
      annotations:
        sealedsecrets.bitnami.com/cluster-wide: 'true'
        kapp.k14s.io/disable-default-ownership-label-rules: ''
        kapp.k14s.io/disable-default-label-scoping-rules: ''
        app.github.com/job: '5678'
        app.github.com/ref: refs/tags/v1.2.3
        app.github.com/repo: socialgouv/domifa
        app.github.com/run: '1234'
        app.github.com/sha: '0123456'
      name: backend-sealed-secret
      labels:
        application: domifa
        component: domifa
        owner: domifa
        team: domifa
        cert: wildcard
    type: Opaque
---
apiVersion: v1
kind: ConfigMap
metadata:
  name: backend-configmap
  annotations:
    kapp.k14s.io/disable-default-ownership-label-rules: ''
    kapp.k14s.io/disable-default-label-scoping-rules: ''
    app.github.com/job: '5678'
    app.github.com/ref: refs/tags/v1.2.3
    app.github.com/repo: socialgouv/domifa
    app.github.com/run: '1234'
    app.github.com/sha: '0123456'
  labels:
    application: domifa
    component: domifa
    owner: domifa
    team: domifa
    cert: wildcard
  namespace: domifa-preprod
data:
  DOMIFA_ENV_ID: preprod
  DOMIFA_ENV_PRESET: dist.preset.env
  PGSSLMODE: require
  NODE_ENV: production
  DOMIFA_PRINT_CONFIG: 'true'
  DOMIFA_TYPEORM_CREATE_DATABASE: 'true'
  DOMIFA_EMAILS_ENABLE: 'true'
  DOMIFA_SMS_ENABLED: 'true'
  POSTGRES_POOL_MAX_CONNEXIONS: '2'
  DOMIFA_FRONTEND_META_ROBOTS: noindex,nofollow
---
apiVersion: v1
kind: Service
metadata:
  labels:
    app: backend
    application: domifa
    component: domifa
    owner: domifa
    team: domifa
    cert: wildcard
  name: backend
  annotations:
    kapp.k14s.io/disable-default-ownership-label-rules: ''
    kapp.k14s.io/disable-default-label-scoping-rules: ''
    app.github.com/job: '5678'
    app.github.com/ref: refs/tags/v1.2.3
    app.github.com/repo: socialgouv/domifa
    app.github.com/run: '1234'
    app.github.com/sha: '0123456'
  namespace: domifa-preprod
spec:
  ports:
    - name: http
      port: 80
      targetPort: 3000
  selector:
    app: backend
  type: ClusterIP
---
apiVersion: networking.k8s.io/v1
kind: Ingress
metadata:
  annotations:
    kubernetes.io/ingress.class: nginx
    kapp.k14s.io/disable-default-ownership-label-rules: ''
    kapp.k14s.io/disable-default-label-scoping-rules: ''
    app.github.com/job: '5678'
    app.github.com/ref: refs/tags/v1.2.3
    app.github.com/repo: socialgouv/domifa
    app.github.com/run: '1234'
    app.github.com/sha: '0123456'
  labels:
    app: backend
    application: domifa
    component: domifa
    owner: domifa
    team: domifa
    cert: wildcard
  name: backend
  namespace: domifa-preprod
spec:
  rules:
    - host: domifa-api-domifa-preprod.dev2.fabrique.social.gouv.fr
      http:
        paths:
          - backend:
              service:
                name: backend
                port:
                  name: http
            path: /
            pathType: Prefix
  tls:
    - hosts:
        - domifa-api-domifa-preprod.dev2.fabrique.social.gouv.fr
      secretName: wildcard-crt
---
apiVersion: v1
kind: PersistentVolumeClaim
metadata:
  name: files
  annotations:
    app.github.com/job: '5678'
    app.github.com/ref: refs/tags/v1.2.3
    app.github.com/repo: socialgouv/domifa
    app.github.com/run: '1234'
    app.github.com/sha: '0123456'
  labels:
    application: domifa
    component: domifa
    owner: domifa
    team: domifa
    cert: wildcard
  namespace: domifa-preprod
spec:
  accessModes:
    - ReadWriteMany
  resources:
    requests:
      storage: 5Gi
  selector:
    matchLabels:
      usage: domifa-files
  storageClassName: ''
---
apiVersion: v1
kind: PersistentVolume
metadata:
  labels:
    usage: domifa-files
    application: domifa
    component: domifa
    owner: domifa
    team: domifa
    cert: wildcard
  name: domifa-files
  annotations:
    app.github.com/job: '5678'
    app.github.com/ref: refs/tags/v1.2.3
    app.github.com/repo: socialgouv/domifa
    app.github.com/run: '1234'
    app.github.com/sha: '0123456'
  namespace: domifa-preprod
spec:
  accessModes:
    - ReadWriteMany
  azureFile:
    secretName: azure-domifa-volume
    secretNamespace: domifa-preprod
    shareName: files
  capacity:
    storage: 5Gi
  persistentVolumeReclaimPolicy: Delete
  storageClassName: ''
---
apiVersion: apps/v1
kind: Deployment
metadata:
  annotations:
    kapp.k14s.io/disable-default-ownership-label-rules: ''
    kapp.k14s.io/disable-default-label-scoping-rules: ''
    app.github.com/job: '5678'
    app.github.com/ref: refs/tags/v1.2.3
    app.github.com/repo: socialgouv/domifa
    app.github.com/run: '1234'
    app.github.com/sha: '0123456'
  labels:
    app: frontend
    application: domifa
    component: nginx
    owner: domifa
    team: domifa
    cert: wildcard
  name: frontend
  namespace: domifa-preprod
spec:
  replicas: 1
  selector:
    matchLabels:
      app: frontend
  template:
    metadata:
      annotations:
        kapp.k14s.io/disable-default-ownership-label-rules: ''
        kapp.k14s.io/disable-default-label-scoping-rules: ''
        app.github.com/job: '5678'
        app.github.com/ref: refs/tags/v1.2.3
        app.github.com/repo: socialgouv/domifa
        app.github.com/run: '1234'
        app.github.com/sha: '0123456'
      labels:
        app: frontend
        application: domifa
        component: nginx
        owner: domifa
        team: domifa
        cert: wildcard
    spec:
      containers:
        - image: >-
            ghcr.io/socialgouv/domifa/frontend:preprod-0123456789abcdefghijklmnopqrstuvwxyz0123
          livenessProbe:
            failureThreshold: 6
            httpGet:
              path: /index.html
              port: http
            initialDelaySeconds: 30
            periodSeconds: 5
            timeoutSeconds: 5
          name: frontend
          ports:
            - containerPort: 80
              name: http
          readinessProbe:
            failureThreshold: 15
            httpGet:
              path: /index.html
              port: http
            initialDelaySeconds: 0
            periodSeconds: 5
            successThreshold: 1
            timeoutSeconds: 1
          resources:
            limits:
              cpu: 500m
              memory: 128Mi
            requests:
              cpu: 5m
              memory: 32Mi
          startupProbe:
            failureThreshold: 12
            httpGet:
              path: /index.html
              port: http
            periodSeconds: 5
          env:
            - name: DOMIFA_BACKEND_URL
              value: https://domifa-api-domifa-preprod.dev2.fabrique.social.gouv.fr/
            - name: DOMIFA_PORTAIL_ADMINS_URL
              value: https://admin-domifa-preprod.dev2.fabrique.social.gouv.fr/
---
apiVersion: v1
kind: Service
metadata:
  labels:
    app: frontend
    application: domifa
    component: nginx
    owner: domifa
    team: domifa
    cert: wildcard
  name: frontend
  annotations:
    kapp.k14s.io/disable-default-ownership-label-rules: ''
    kapp.k14s.io/disable-default-label-scoping-rules: ''
    app.github.com/job: '5678'
    app.github.com/ref: refs/tags/v1.2.3
    app.github.com/repo: socialgouv/domifa
    app.github.com/run: '1234'
    app.github.com/sha: '0123456'
  namespace: domifa-preprod
spec:
  ports:
    - name: http
      port: 80
      targetPort: 80
  selector:
    app: frontend
  type: ClusterIP
---
apiVersion: networking.k8s.io/v1
kind: Ingress
metadata:
  annotations:
    kubernetes.io/ingress.class: nginx
    kapp.k14s.io/disable-default-ownership-label-rules: ''
    kapp.k14s.io/disable-default-label-scoping-rules: ''
    app.github.com/job: '5678'
    app.github.com/ref: refs/tags/v1.2.3
    app.github.com/repo: socialgouv/domifa
    app.github.com/run: '1234'
    app.github.com/sha: '0123456'
  labels:
    app: frontend
    application: domifa
    component: nginx
    owner: domifa
    team: domifa
    cert: wildcard
  name: frontend
  namespace: domifa-preprod
spec:
  rules:
    - host: domifa-preprod.dev2.fabrique.social.gouv.fr
      http:
        paths:
          - backend:
              service:
                name: frontend
                port:
                  name: http
            path: /
            pathType: Prefix
  tls:
    - hosts:
        - domifa-preprod.dev2.fabrique.social.gouv.fr
      secretName: wildcard-crt
---
apiVersion: networking.k8s.io/v1
kind: NetworkPolicy
metadata:
  name: netpol-domifa-preprod
  namespace: domifa-preprod
spec:
  ingress:
    - from:
        - podSelector: {}
    - from:
        - namespaceSelector:
            matchLabels:
              network-policy/source: ingress-controller
    - from:
        - namespaceSelector:
            matchLabels:
              network-policy/source: monitoring
  podSelector: {}
  policyTypes:
    - Ingress
---
apiVersion: bitnami.com/v1alpha1
kind: SealedSecret
metadata:
  annotations:
    sealedsecrets.bitnami.com/cluster-wide: 'true'
    app.github.com/job: '5678'
    app.github.com/ref: refs/tags/v1.2.3
    app.github.com/repo: socialgouv/domifa
    app.github.com/run: '1234'
    app.github.com/sha: '0123456'
  name: azure-pg-user
  namespace: domifa-preprod
  labels:
    application: domifa
    component: domifa
    owner: domifa
    team: domifa
    cert: wildcard
spec:
  encryptedData:
    DATABASE_URL: >-
      AgCyYEnsooxgO34+lNhL83YT0cqBY1aLELTvDTWibdGMin4SmaR0AYb4dyS3JTlStAJcSUtpP71a8pQMkJHDOL0GMqIXMftHgMIyGGjTTNRY3lMGi2s995Oo/eOZU7LWV7yZ/UZfGk7GNbS8kYo0Z3fyi9dYrfylCDHd3xjY4qvRQlAjmpbPIakXSjPKhTur/KL4CmwYeWgte9DS732KgUglk7+TxvXz8MxHwmLpoRv+r7m982i2Aqcc3TDk27Nx8fYwm09QAM9z/ANVFdXfwcRc175xOvxmOo2IlsPInDEd8UKmHyVEFSUpUeYKipQC4Wy5Vkvi2OMZ404oMQ2XNIv6BwbfojMPaROJtQ/aEMNdBaTEQqQ3lKzCQMzZRzHeWPVGlBki9nRbxWxPOwBJRj50UKKxDomb6frw5C7EoU9RVh29kHgZw5P6Eg20gc/TdvMmBEQ0n7rIO314ZoPD2j5J2f3kNlsqNhXF2km2zjF1jp5pg5YXxeGjOWo3ejJp1+VqMGYYxqV3HJ5z+k6vWuoJnxt8A+eUMUOqbaFu9iHsqmb3elc7sO1bbG9o1wCbkm5Ozw1CFnN01nZDMzsJGCKBwMUckJO4StY1Vb9fRGy8mqUn0+v8NIv6Kh+GYTN3r/ZzME0ibXV0OKxDMEykOF22q+8qb4dQXmtgh5wsl953Qb7LmXvbwFCw7VJde85MUU3cVyKdY4oY9bRikG5ds+eP5RH9iF8cE3JM7dJQouU6ioq0QI1sVEusIFiqZxvMkXVGANQOe07uJyV4G2pOHMG48lvbukbTBlVnxwDJy3D9TtkzE9cOjGrlfeV/vcCaeiJk5PsuJ5xCnTiyTVtFUaSD3WqvkzmzcrlQgDO5z3/rIztAPlNM6tYpezxcB4IAng6+VMHCchuB4gKqtHak84CdDQDTwjQ=
    DB_URI: >-
      AgBqAeylm0t/tntIBPdnEL5rj0czdoRWwSB9oKJBT6FC5BrHU9f+KnNvj0jZtxLN0rnGJf53keEYlk++goH62bnYsosIO5I8K4q/NVcGSc0dqR+utTWN4nEAX6Gngbs6stADE+PrH0be5YEKBkYD6oRK+hP70yB89GK8Mv8muAsvaflE7NmuUMfElrIsjPpcQLULyh7bW0fNxMUBL9bzElEhEKYAP5J9iPuyFsjQWfnZ7F7Nvl2aSnoDMW27mt9N27UbCipkoir8YB0fXpaKYmhZBo+6hMCt8Lm8eNHfKtcB4i5PsVJjHmihzLeeP3vN1ek5DS0QuQ5sNMk8MMxm4q6FxxPljeAxoXfxZ8ZaRk6oFbZHOKt1ylXhBPIMgi1F8AbEpT+2IsVs3K+a9CDSyN/wFFw/8hCQ7sgQWu69QjrI34AQnShACCgrdvyhp2Kd/ExWB9HHexyqWakobDKRxyhHF3tzdJL1VEPh+b8ByaAb4nMVrzKKnu2qQtRruckb0/6KEiuPac9LVsV4I17oX68NZCLCmyMztAjU083q0Z2KFxSWqMC2QvzTCPvVnTlaCXY7xYNRrnNTMdWLNxA35EuUB1++4ibZc3kcEKLlEfJK9Es7RAsp2xqyomIbRbvxd9+zKOapncSJoMDLQHs87Q9I7uNLq3a+Do9vFcGhZIJicaqjOCxeVkcxtHGpDR+dnMlsNuaJAP/0Bp5iCg76yxZPuyA1t2kX/1sEgWy/BPPDjWwVkUq+cNIOAcMLONw1icBQYi/9OnkcBUKfuSBq3F9EbDlpeUR+TDRL9jW/liCjcvmjPZgeuvsSVgG15VBRAY2e/FGUdkIM1fQBtS3T//8Xhl4xTHvOT5Q4Wj1YhUQvARTyjAQ9NbnTYHf8d7s5Fro7rLitlXlEpAUtjVLLGtcj/E2/yBQ=
    HASURA_GRAPHQL_DATABASE_URL: >-
      AgDCfukO8VJYCOeiz1Pd/qtkMTtDYk5JoG5w038al4tEH9IeZKZ2AJt3SSPXaNW5ehC4BTEwObZ/aDnDaRBN2uDL7JdjWmBL5uc8YhesLjM+KG3wBmFqFBeWvZxdTmaHrmoqsRYoX+l/Benf+vyEtfawesdW0OKmiMw3eJ/77JQAAzqC01N8hAuwS4DBs179MeZA48ICKAX+OEFA6QMTckyFTl6ff2IfPt91BzHTBdXYMJiEDUxfhUh+Ihk2cViD8d7PtH0RDXnvH6DCmsvxuuajpRnk/puedL1iE8hyz4fH+iuIo2a7SeK2pdNHctdjzM8touUsc57G5w85ferdxNdDm+VwBRmlbqO5ZMiCSh7bCu4fiHa4/KheRLNkSD+g0DKVAM1L9KGM/AmF9j/1NVV7Sfwc2dFnn/jUyriJfwbHKWUgomvDTKoODSKNDNWiO1TMdiqtmnjKJTNSE4tgSxq0k6Qpv4Mr9j55DV9AMifMrB2NjUAMVIlMSf3Q9mGFUWEXwR/tFcix571MBPaZ8l6EBBmSyjMfqVO1Uv0PZW3DEcYPOUoLJS5DxKrC2TIaA6+ZyfFBtWH4Dfgrd7OkjCQReAbh3eQZwaEelLc8Lc3ONDobK1ki7poDwAntdENVewS+ALWGH8W+uyCYZ0xjlJwjuXSFAqJQRyiVZQmxMnOinNcAVgurZCRFvoyTEJnFeXUA0bvQI35o6TUGXbJJKhyl8ZoYjGSccefcMJYIfr+3jjhKtU40B+vY1vKwgwAhiIM6h52uZ5qEtRoG76fMs6AeFTEH22smzkBSipb5xjT7Gxejlk7+fKXqFP1hExKPkkxk4juzIw3ce31Wnuu5riF8PiXuCxpJLOJNmzlf5d8JePCvxYV8cbxID4k0/q+HYnC6Pkjx7vcgB+PP9sTw8wLLKEh5Dw4=
    PGDATABASE: >-
      AgAgaNCGJ9S8gWbpuC/36F5THCiYxZFshMN8hgoPjaF9jvs9HZLXFFeZBWzm6lPLzgCPUsPMABnZ4JU+44pGdNFJEQ2RRaN/b7WUSRua72agWt4n0zyIKMjoU5tZYBMZGvFosh/lCKFs9pFf/ZAKJD1Z5cdoizCJ7s4TA+qv9Gvn/24O4UYDtWFlriEw6ngUNlNcRrhetNTuveDvtsm8bK7mQogcy7LEy1tv0szI1A8dxXI7eORrtqry7j0ohYVCRdOGQcOc7oqo5/xBv4JFLGLEdzlza9X1cRW26w+0V1r3OcBNAJw0PImEmkO6YId8ubmKy2B6v697/kTZDkLHPJNASqD0TE8eUNk7SbN2FdOlStoWlwECDSfSjDeCcSnS3xP+n7Eh1nlg+8xKl7nInHeykf0r/cHueIQ0M1V3TrPEAExfYA4ZD13vXtlLLtlk+oAMkeMXUb9MupavhLYnosPaAY5EPfzbQIdZYydybOVBA0yHN0lz6XlofJ7HFKE8LsxGFPF0TPG4ULitg9oLj6c6VuuqserT2Yn0gUANRoq17GpPVDwkp1yvF+o4bwE/r0wcTjW3z5MseW9SzA3tE2tyOtzdEICFht9uElbuL15yHBy/qwwbMG1wEDsuKnGJMCLVX5QHJOheEp6Lbf8YX8oVglNNxQWV6nom8Vio5TVKiojau6CCZ18HCwKgy34j/qC8KUo1mmGN
    PGHOST: >-
      AgCaQsG1sETTqPD1ukhLzRiI6Mk0zNjM0FsQD9Nk13JXsqjxHYzrZaOZtbo/iUAQ1wDR8EV+h4zRgkmSeGW5gq+rUvjgXLiP3jjq2hlCiRvvPyxHpjTzW9nAemY1hL6BhXMIIwMUz1OL+34pH4tz/zSzXP0NCRmDX9870G7X7R3Pmn4VrnL9Rt+2xE8245URdb9OqRyAPTahgXwwYcyPHcJ058+qriTrFcQU5nVe89J6smmN1mibZq6dMBOXUVChRORbbRwU25Smqg6+OHhv27eejwOs6wUB3H2OS/SM/3IFahyUlwaAMg3qrkhpEQsnKTQNNNgBk8eI0WiTy0P202O7BJsZDCAO21VRWyNWNWOfJbNs6nmEHSP4IAHr3/QbLG8Sjl/Ai3r83hfhDI/IDYxUUm6AyL/Y/irda6OM52qjaUI70ROpOEtps2q31ZYNLZ3wjoOkzKotQfLBLKdtB3XVyVxV76J2+mhCj+0D2pBvk5yw5RPfcVlAf00MAcRxe9wMt6DUsEijntSyOI0klpaKgl+glyxrB79Q7CQu6Z7GCVYikck/I3XXnqLaYlhz1h/xLBGvV03KIDSvjso1CBwcbfBHHMYOd8cYU4EmR553FNAFUk8XqwZMvocCyq8N+qZVW4hQ17VJd7gPzjUtVmTWzWzImrhLRX+Tq2ElOls+TpugshaIP+EAGV3s2724kR4Vk3BFi4+D0njbrZxvTD2Sw1+ts/u5fpntBYkiQxchmOAw1JQA
    PGPASSWORD: >-
      AgC1+TMVWxEbx5j6Rf3od8w567jJJEbqtjFYyamagqucB+yDK/6Ybm9geAT5oF7cDQOG9iibnFA8ZDPBZIlaz/KDCXJwwTJ7TTE7uQznaKuvksNbdm0XlG2NX6oCeYFWxaRThCCd0gDcA4d0P53GuzpljH5kAU1Kn8uyok8LoJw95O2XvPM0uNn21QEPVD0BlrW90hv0JPronQ2yYo5J+o4Y46PwbPVqEBJWyshmH3F1keGZvSOXWLzWJJj5VxcL2EP+P4JZqof9TM2nk2CP/76BNg5o34bvayTjOcBpVsdZnuCd790QZ6Az0LQ+sHparV2G99B3tisy9MfBA8TGVeUNQSMOwwA4cxR4Y4N1XTgTvZQ5mQebejp8No9Y55qIfT+qshfTKpkFyjeRlF6+BfU2xobwmXz4MJuskTh7peLLaHpmleg6nJ6b9ORFM7fwC+EtYx/kCmNBZeyzyLHqx4htPIOJwTZm9g9fsfQUwDQhgunJ8Cz1ucH0ITjbl64bi93OAVSmjgqNDXXkHtNtKCzXngEKUyvsxBLA9RfN4mWGrUvW3516vwIoBAbrlsKiaW/jqJ9dCCfQoDQ9XjDcjVebe5e6/1OizISOiB2zBP+4UsJz9Ymik68NEkMF7eLMbxmZdRZI39FCiVaXGSNgLXjc5u8w5nEHQZVMK1UL0mWmnQb/DqYy04Rd0jWrD0doEfUm7Y+7tQvcz7gPZk519FR+R2HSjdfxf5+6mjUzEHniAhWPmGL3eO0=
    PGRST_DB_URI: >-
      AgAyf0MLTrNt2JFZjLrGPxgFW91eCbKQoqrFrB7iFs4UaobtMHHJtdJtdlQ4nlErG5B200olF3+sYVb37EpBqPSNehrTArOjHK4DpvVR6G8V9Z2q08+8qtF9jB3npN3d0p/1XoVJhrZf/iqIC0eSOtWX1GpkvA2TuHhDYNFY+3gFM8TnzSo2p5Sv2s+7r7HBuXnSpr8ZXK6KZK0Oe5HZ7eS2mhkjRMNKyFzp3Io9RzCjLjqln/hr30Hq3La1an7kWmwEmRY/+aNvn1Oy9eOdfBI5H//67i9II5fbwIZ0jfbK0dKV+6iLMnkIxEjD4JxyDkO5Hj2sNvBEsKigLjUO0rnfjs/nPboS2nW2CM+E78RsqLHBNCW5SFDiWAOGo8mSwgn/2j5q63Bju4R1ikrblwD1/joEC5NGaiixtDFA7hiiO3VyyUW00ej73BQuF917obXfHU3fcqCxczr0PpjvsoozknxOVTLCNHHSGiQ7EC6deNMR2BGEnE6L4fqavi4megz2CjgD4AaB/Hz/yRLHzEmYJYUhztINoOWyhvG7VelWIHwtDhcgQ1wEc8mWiXOOd7xfrEpjEiMTQrZY5161uBfJgajEAl1fjwoeKPI0R/ZVxxHpE5JCVakLTk8EWCCD60YIJtg7qpxrlXKNthTW4GhU7/tp46KG8IHaml2rFkgezVMeHhZyyw6WDdLOIGbDTLOcdngo6kXonqEbJ96ovPkrIWuEWBOg/vAmhk7HQApWGUqS4ihO7CIyR5enupZAneSx1EDyLEvHfyCUtCQWLh9O2axkl5hCPSl2my4+f94FIpRgt06NMfRuAjyPhr52EThqCvpV+TZzuMvwnQoj0GEfhpFGNYmgHtk2ikfi3Zy3suu6Tq212wL+wjggo0ukXn27UVhcQXWFcXysJWtZMIHmN1jrCxc=
    PGSSLMODE: >-
      AgC7ExBHDlProxvrvUp8rJu6MNXunx4sKHFxXitExVpNVqPh3IkXd+0XQAW7nfQOYIQI7CeMSqU3oDZZKeP4ad5kB1EcsaxYmH2ijpqgK14UhElxW6k2R59PFOlklwt9UW7d0q6VYHV/6O1GAagUHr1lfjkfIo75a+afZPX2c8myMmjAMs9cPZEiPEIVUosFepK27oebuzX1Kei8PalxRUHT361hDPq6+vHBWKCPQGgq5f7bYKRkdW0t/bOGCKiQcFwwt2fowoQ8lpI82bhSoxzK3vzWLtjwcUFhwHjVdQ5lVQ1yo40NNzcsXojD1ohVBXi46t6yqcDMaN9HpKJ9kc1kpEkz3jwXDitgbMr0SwCirp0vd7PiCe3HKjEWcWYnDUSdackQXrckt0V95q7e1YgfaPzy0Ym6TsPHgUaMT8syREIyIJ0rrW+PdeqIM5JGrvCOWGJeZgJ/xw6IscyFIS17YRvhdyUgQlyKJiDWuq9GD1jP/795M+R8awKQ21SdrcAFoUImhWQEz1CYtqVjrhx1/NKv2hIeca+QlzJADNmPadEywQb6tpj3ZmQBaqeOU+fYHWcKdy+2c0cU7IfY85zAkhphiC2FSSXZGhG/y13UcXjn2OgjQ/pfS4naurqE0jOfxmjQCB9KM5+RwLOPmg90YAAmSbYe9Blm+AC2hR1+Kym83OLsVmI5ZGKj/BphTRMoqhSJTYXX
    PGUSER: >-
      AgCUq49l6MMBzvO0QLAq+2h4+FL9aKgeCL5Z+NGwDNErdfxMN2g/e+LjSyEC5+yZNsZBhT/wJBFyqt1SMnTy7pQAOU8mgUnHKR5G+ct5QnzG4+qf8x1YWuAizFzE46QwLOe2+LU+6zTiiy0y+0hVhWlWlrMxs9xk9RJ9YGarqJnUW/zl6KANIEvw+gmeB3djGAg0Y2046PTvtjvkgqXrsXps5gwRnRoIczAOSgLqIpIdGMi8DytO7HDR4NEL0msglBfJQhvugqJ41Zl0v0kWPBowMlrNNUmCLEbe4hBn/s9b1ERDWtnAPEDMh7z0WRMeS7TEtjhH0pRpRrYHIjt+FlrG8MYQBZJVECh+kCPWZDFzW48J27USk9sTWFCVzFpmEhxPoPKa+t2BuaO2mhrvBWthiI6lmwkqet/gpbd5QNbXfF93ArNNOGwzHKafxu9HoTNtsZq2K3dlf+hEJYMBGlhDxzI8B3f/jeEsG142FnujbRBrXNNNaczQJNjGxEfybsutyfJ/xAeWjXo8GlGKqlZ1ML5Yftgl5dwk2OuzgYgphZJotPXNW3JG93m+azC6f7p+Miw/50m278JvltFzKGaHT34NoeF8G4jzPa7QrU4WevnB7UYH3baqnJrJtcyC6PdZSntAjoZfWUrwqAzEUWH9nBtrUGIu3SHAYrnX8CveYYI7viOLVO5sQ8Rw3J07vhHHgRVRKtAvTfmZbX/kmc1PcmyT+sDKzEDzU7KqgoKolCDV/foBLU+YO3CF/mOVrms=
  template:
    metadata:
      annotations:
        sealedsecrets.bitnami.com/cluster-wide: 'true'
        app.github.com/job: '5678'
        app.github.com/ref: refs/tags/v1.2.3
        app.github.com/repo: socialgouv/domifa
        app.github.com/run: '1234'
        app.github.com/sha: '0123456'
      name: azure-pg-user
      labels:
        application: domifa
        component: domifa
        owner: domifa
        team: domifa
        cert: wildcard
    type: Opaque
---
apiVersion: apps/v1
kind: Deployment
metadata:
  annotations:
    kapp.k14s.io/disable-default-ownership-label-rules: ''
    kapp.k14s.io/disable-default-label-scoping-rules: ''
    app.github.com/job: '5678'
    app.github.com/ref: refs/tags/v1.2.3
    app.github.com/repo: socialgouv/domifa
    app.github.com/run: '1234'
    app.github.com/sha: '0123456'
  labels:
    app: portail-admins
    application: domifa
    component: nginx
    owner: domifa
    team: domifa
    cert: wildcard
  name: portail-admins
  namespace: domifa-preprod
spec:
  replicas: 1
  selector:
    matchLabels:
      app: portail-admins
  template:
    metadata:
      annotations:
        kapp.k14s.io/disable-default-ownership-label-rules: ''
        kapp.k14s.io/disable-default-label-scoping-rules: ''
        app.github.com/job: '5678'
        app.github.com/ref: refs/tags/v1.2.3
        app.github.com/repo: socialgouv/domifa
        app.github.com/run: '1234'
        app.github.com/sha: '0123456'
      labels:
        app: portail-admins
        application: domifa
        component: nginx
        owner: domifa
        team: domifa
        cert: wildcard
    spec:
      containers:
        - image: >-
            ghcr.io/socialgouv/domifa/portail-admins:preprod-0123456789abcdefghijklmnopqrstuvwxyz0123
          livenessProbe:
            failureThreshold: 6
            httpGet:
              path: /index.html
              port: http
            initialDelaySeconds: 30
            periodSeconds: 5
            timeoutSeconds: 5
          name: portail-admins
          ports:
            - containerPort: 80
              name: http
          readinessProbe:
            failureThreshold: 15
            httpGet:
              path: /index.html
              port: http
            initialDelaySeconds: 0
            periodSeconds: 5
            successThreshold: 1
            timeoutSeconds: 1
          resources:
            limits:
              cpu: 500m
              memory: 128Mi
            requests:
              cpu: 5m
              memory: 32Mi
          startupProbe:
            failureThreshold: 12
            httpGet:
              path: /index.html
              port: http
            periodSeconds: 5
          env:
            - name: DOMIFA_BACKEND_URL
              value: https://domifa-api-domifa-preprod.dev2.fabrique.social.gouv.fr/
---
apiVersion: v1
kind: Service
metadata:
  labels:
    app: portail-admins
    application: domifa
    component: nginx
    owner: domifa
    team: domifa
    cert: wildcard
  name: portail-admins
  annotations:
    kapp.k14s.io/disable-default-ownership-label-rules: ''
    kapp.k14s.io/disable-default-label-scoping-rules: ''
    app.github.com/job: '5678'
    app.github.com/ref: refs/tags/v1.2.3
    app.github.com/repo: socialgouv/domifa
    app.github.com/run: '1234'
    app.github.com/sha: '0123456'
  namespace: domifa-preprod
spec:
  ports:
    - name: http
      port: 80
      targetPort: 80
  selector:
    app: portail-admins
  type: ClusterIP
---
apiVersion: networking.k8s.io/v1
kind: Ingress
metadata:
  annotations:
    kubernetes.io/ingress.class: nginx
    kapp.k14s.io/disable-default-ownership-label-rules: ''
    kapp.k14s.io/disable-default-label-scoping-rules: ''
    app.github.com/job: '5678'
    app.github.com/ref: refs/tags/v1.2.3
    app.github.com/repo: socialgouv/domifa
    app.github.com/run: '1234'
    app.github.com/sha: '0123456'
  labels:
    app: portail-admins
    application: domifa
    component: nginx
    owner: domifa
    team: domifa
    cert: wildcard
  name: portail-admins
  namespace: domifa-preprod
spec:
  rules:
    - host: admin-domifa-preprod.dev2.fabrique.social.gouv.fr
      http:
        paths:
          - backend:
              service:
                name: portail-admins
                port:
                  name: http
            path: /
            pathType: Prefix
  tls:
    - hosts:
        - admin-domifa-preprod.dev2.fabrique.social.gouv.fr
      secretName: wildcard-crt
---
apiVersion: apps/v1
kind: Deployment
metadata:
  annotations:
    kapp.k14s.io/disable-default-ownership-label-rules: ''
    kapp.k14s.io/disable-default-label-scoping-rules: ''
    app.github.com/job: '5678'
    app.github.com/ref: refs/tags/v1.2.3
    app.github.com/repo: socialgouv/domifa
    app.github.com/run: '1234'
    app.github.com/sha: '0123456'
  labels:
    app: portail-usagers
    application: domifa
    component: nginx
    owner: domifa
    team: domifa
    cert: wildcard
  name: portail-usagers
  namespace: domifa-preprod
spec:
  replicas: 1
  selector:
    matchLabels:
      app: portail-usagers
  template:
    metadata:
      annotations:
        kapp.k14s.io/disable-default-ownership-label-rules: ''
        kapp.k14s.io/disable-default-label-scoping-rules: ''
        app.github.com/job: '5678'
        app.github.com/ref: refs/tags/v1.2.3
        app.github.com/repo: socialgouv/domifa
        app.github.com/run: '1234'
        app.github.com/sha: '0123456'
      labels:
        app: portail-usagers
        application: domifa
        component: nginx
        owner: domifa
        team: domifa
        cert: wildcard
    spec:
      containers:
        - image: >-
            ghcr.io/socialgouv/domifa/portail-usagers:preprod-0123456789abcdefghijklmnopqrstuvwxyz0123
          livenessProbe:
            failureThreshold: 6
            httpGet:
              path: /index.html
              port: http
            initialDelaySeconds: 30
            periodSeconds: 5
            timeoutSeconds: 5
          name: portail-usagers
          ports:
            - containerPort: 80
              name: http
          readinessProbe:
            failureThreshold: 15
            httpGet:
              path: /index.html
              port: http
            initialDelaySeconds: 0
            periodSeconds: 5
            successThreshold: 1
            timeoutSeconds: 1
          resources:
            limits:
              cpu: 500m
              memory: 128Mi
            requests:
              cpu: 5m
              memory: 32Mi
          startupProbe:
            failureThreshold: 12
            httpGet:
              path: /index.html
              port: http
            periodSeconds: 5
          env:
            - name: DOMIFA_BACKEND_URL
              value: https://domifa-api-domifa-preprod.dev2.fabrique.social.gouv.fr/
---
apiVersion: v1
kind: Service
metadata:
  labels:
    app: portail-usagers
    application: domifa
    component: nginx
    owner: domifa
    team: domifa
    cert: wildcard
  name: portail-usagers
  annotations:
    kapp.k14s.io/disable-default-ownership-label-rules: ''
    kapp.k14s.io/disable-default-label-scoping-rules: ''
    app.github.com/job: '5678'
    app.github.com/ref: refs/tags/v1.2.3
    app.github.com/repo: socialgouv/domifa
    app.github.com/run: '1234'
    app.github.com/sha: '0123456'
  namespace: domifa-preprod
spec:
  ports:
    - name: http
      port: 80
      targetPort: 80
  selector:
    app: portail-usagers
  type: ClusterIP
---
apiVersion: networking.k8s.io/v1
kind: Ingress
metadata:
  annotations:
    kubernetes.io/ingress.class: nginx
    kapp.k14s.io/disable-default-ownership-label-rules: ''
    kapp.k14s.io/disable-default-label-scoping-rules: ''
    app.github.com/job: '5678'
    app.github.com/ref: refs/tags/v1.2.3
    app.github.com/repo: socialgouv/domifa
    app.github.com/run: '1234'
    app.github.com/sha: '0123456'
  labels:
    app: portail-usagers
    application: domifa
    component: nginx
    owner: domifa
    team: domifa
    cert: wildcard
  name: portail-usagers
  namespace: domifa-preprod
spec:
  rules:
    - host: mon-domifa-domifa-preprod.dev2.fabrique.social.gouv.fr
      http:
        paths:
          - backend:
              service:
                name: portail-usagers
                port:
                  name: http
            path: /
            pathType: Prefix
  tls:
    - hosts:
        - mon-domifa-domifa-preprod.dev2.fabrique.social.gouv.fr
      secretName: wildcard-crt
---
apiVersion: bitnami.com/v1alpha1
kind: SealedSecret
metadata:
  annotations:
    sealedsecrets.bitnami.com/cluster-wide: 'true'
    app.github.com/job: '5678'
    app.github.com/ref: refs/tags/v1.2.3
    app.github.com/repo: socialgouv/domifa
    app.github.com/run: '1234'
    app.github.com/sha: '0123456'
  name: azure-domifa-volume
  namespace: domifa-preprod
  labels:
    application: domifa
    component: domifa
    owner: domifa
    team: domifa
    cert: wildcard
spec:
  encryptedData:
    azurestorageaccountname: >-
      AgDMWW8WYEWX6KZ+KBZR355HFSnE7kKL2xbeuorp4rML22YI3NTY/qNYTbmDnG1MU1pROhKhgiQLmC7e5+IBJKyZJZJyTV9HI/VIE7jZL6AiNjV+StZ5kFXuX40k+I4dT+UljFAYJWBfKJQ3fdcLcQu0hZs4JArHSk+Q8eWGdFET+0mAwe+VDigoFVk98SmpPxTx+00wCPi6ZEB3yLmVnmofOK1q490qv4fKHTfeQ0w5eJe7m4zQuxdxBreoOocV9lJ8YVtr3KKd0ZQAtS69706aON935bUIvSId4AxqBUXc4PQgeky24TiYmSn2nmP1XvqgDL2nPeH6DGwwRZ8m8X3j6D6bl3RktF/wkSBjaFNHUqjIxvM30dx9REld9ny3b+YWPFQ4T2kdGdpTvWIIwa0Sif4I1ScJy/EhmyRWIFrYdNuhW0lHmyLGQDD5HjrpmYVfznqvqstgCR+E5fcsmuQIMhbI4g1S+rsNavzZuyoQ+NUhbobeeg0syC8O1m1lOSrU0EPIYBfLqWzNBUEajzwpm2hBxW5K6W+0miCWpchl/Bnlqg/8whVMxc3ANew8MMSSA6zj7T7xcVv779dwzm+i1Hy+Y6gHXqGDOK5Z5/ERzOa2/Ys1DrH0jQfJHy7XPHQvTQoFjzuStjqemCdUVlGcSOCZrTcC/ZEkeTxGn7FLk/OzpfFKDokaoXpgbOO6Q+tyXoeDXLa6bYk=
    azurestorageaccountkey: >-
      AgBPU5fMNZKwd5Snf9UTw5IO1eyGUrs4WF6ysIaqlWGF3tnkQUu5Npg4H/lFIdGOJwRh6RfaYRu6zwtzFrHmXQIrbGZyEy0fH7xH60Koxpu5J48yQjlFP+M3ZFSdvxx74n5uThFV6dzohCAF052CKeWiVvZAs/PIJCtDMrcnHUBXMuVkEhu/uV0Z4ruz90vtpODA8AjEYe16MtYouNtU82Xvhwl3TTM3flkvPHTU8a6Fry0/+QC8EM73dZJXJbt1u9dLA7OcvSoSBV0V4qSfTXCfI2BEVCbUgGIz0jF70B8ZEzMC4XQjCsECyq8c9wADECuU314EkARNu0moDpc04tWZPFei62hau7P+oELsHp7sY07t0AOdJ8/+z6naWC2cnfrD1E2CEJFeWVcuOoMRGzsfA2FoOSioyIDsZ6tRpw/IkamSrHmzC+I6CROTKXhWEsmRnx7mRz0bpAf94oUmcQCQYC1FNo4gBWTWuKhPYBArudjePuAP75ABegxg8UQNHrWXAZlrnzHiwaq9LRYtzq1dlt6rc5tCgNcX9zyMKMm08Ecy6XLY5YwaZQRKR8zOxlSX2B+2IjQqdF034a1hid3fArZsW1D7CYjhsXiWyr0Y3LVRWZRYlNIMAXrEp1sJwnkiiJbtZhQYuQr10SuyoYO0Kice0OglhLT9be0y4J/ymp/ibja1Ji1jcV5XMUCyCygI0wBipMYrT7PCYvS1S2A2L5U9JDvvgMyAeLosGjYBXTXpOVwLLgcOAQsHa1nJAD4pE9FND+e+xN+FcB+PvFb+j1ST6sAmeXF7NAnY/fnsTW+yaqZyOqHq
  template:
    metadata:
      annotations:
        sealedsecrets.bitnami.com/cluster-wide: 'true'
        app.github.com/job: '5678'
        app.github.com/ref: refs/tags/v1.2.3
        app.github.com/repo: socialgouv/domifa
        app.github.com/run: '1234'
        app.github.com/sha: '0123456'
      name: azure-domifa-volume
      labels:
        application: domifa
        component: domifa
        owner: domifa
        team: domifa
        cert: wildcard
    type: Opaque
"
`;
